{ "head": { "vars": [ "g", "o", "p", "s" ] },
   "results": {
   "bindings": [
 { "g": {"type":"uri", "value":"http://example.org/graph"},
     "o": {"type":"literal", "datatype":"http://www.w3.org/2001/XMLSchema#integer", "value":"1"},
     "p": {"type":"uri", "value":"http://example.org/predicate"},
     "s": {"type":"uri", "value":"http://example.org/subject"} },
 { "g": {"type":"uri", "value":"http://example.org/graph"},
     "o": {"type":"uri", "value":"http://example.org/object"},
     "p": {"type":"uri", "value":"http://example.org/predicate"},
     "s": {"type":"uri", "value":"http://example.org/subject"} },
 { "g": {"type":"uri", "value":"http://example.org/graph"},
     "o": {"type":"literal", "value":"a string"},
     "p": {"type":"uri", "value":"http://example.org/predicate"},
     "s": {"type":"uri", "value":"http://example.org/subject"} },
 { "g": {"type":"uri", "value":"http://example.org/graph"},
     "o": {"type":"bnode", "value":"object"},
     "p": {"type":"uri", "value":"http://example.org/predicate"},
     "s": {"type":"uri", "value":"http://example.org/subject"} },
 { "g": {"type":"uri", "value":"http://example.org/graph"},
     "o": {"type":"literal", "datatype":"http://www.w3.org/2001/XMLSchema#integer", "value":"1"},
     "p": {"type":"uri", "value":"http://example.org/predicate"},
     "s": {"type":"bnode", "value":"subject"} },
 { "g": {"type":"uri", "value":"http://example.org/graph"},
     "o": {"type":"uri", "value":"http://example.org/object"},
     "p": {"type":"uri", "value":"http://example.org/predicate"},
     "s": {"type":"bnode", "value":"subject"} },
 { "g": {"type":"uri", "value":"http://example.org/graph"},
     "o": {"type":"literal", "value":"a string"},
     "p": {"type":"uri", "value":"http://example.org/predicate"},
     "s": {"type":"bnode", "value":"subject"} },
 { "g": {"type":"uri", "value":"http://example.org/graph"},
     "o": {"type":"bnode", "value":"object"},
     "p": {"type":"uri", "value":"http://example.org/predicate"},
     "s": {"type":"bnode", "value":"subject"} },
 { "o": {"type":"literal", "datatype":"http://www.w3.org/2001/XMLSchema#dayTimeDuration", "value":"-P31DT23H59M59S"},
     "p": {"type":"uri", "value":"http://www.w3.org/2001/XMLSchema#dayTimeDuration"},
     "s": {"type":"uri", "value":"http://example.org/default"} },
 { "o": {"type":"literal", "datatype":"http://www.w3.org/2001/XMLSchema#dayTimeDuration", "value":"P31DT23H59M59S"},
     "p": {"type":"uri", "value":"http://www.w3.org/2001/XMLSchema#dayTimeDuration"},
     "s": {"type":"uri", "value":"http://example.org/default"} },
 { "o": {"type":"literal", "datatype":"http://www.w3.org/2001/XMLSchema#float", "value":"0.0"},
     "p": {"type":"uri", "value":"http://www.w3.org/2001/XMLSchema#float"},
     "s": {"type":"uri", "value":"http://example.org/default"} },
 { "o": {"type":"literal", "datatype":"http://www.w3.org/2001/XMLSchema#float", "value":"1.0"},
     "p": {"type":"uri", "value":"http://www.w3.org/2001/XMLSchema#float"},
     "s": {"type":"uri", "value":"http://example.org/default"} },
 { "o": {"type":"literal", "datatype":"http://www.w3.org/2001/XMLSchema#float", "value":"-1.0"},
     "p": {"type":"uri", "value":"http://www.w3.org/2001/XMLSchema#float"},
     "s": {"type":"uri", "value":"http://example.org/default"} },
 { "o": {"type":"literal", "value":"a string"},
     "p": {"type":"uri", "value":"http://www.w3.org/2001/XMLSchema#string"},
     "s": {"type":"uri", "value":"http://example.org/default"} },
 { "o": {"type":"literal", "datatype":"http://www.w3.org/2001/XMLSchema#normalizedString", "value":"normalizedString"},
     "p": {"type":"uri", "value":"http://www.w3.org/2001/XMLSchema#normalizedString"},
     "s": {"type":"uri", "value":"http://example.org/default"} },
 { "o": {"type":"literal", "datatype":"http://www.w3.org/2001/XMLSchema#nonPositiveInteger", "value":"0"},
     "p": {"type":"uri", "value":"http://www.w3.org/2001/XMLSchema#nonPositiveInteger"},
     "s": {"type":"uri", "value":"http://example.org/default"} },
 { "o": {"type":"literal", "datatype":"http://www.w3.org/2001/XMLSchema#nonPositiveInteger", "value":"-36893488147419103230"},
     "p": {"type":"uri", "value":"http://www.w3.org/2001/XMLSchema#nonPositiveInteger"},
     "s": {"type":"uri", "value":"http://example.org/default"} },
 { "o": {"type":"literal", "datatype":"http://www.w3.org/2001/XMLSchema#long", "value":"-9223372036854775808"},
     "p": {"type":"uri", "value":"http://www.w3.org/2001/XMLSchema#long"},
     "s": {"type":"uri", "value":"http://example.org/default"} },
 { "o": {"type":"literal", "datatype":"http://www.w3.org/2001/XMLSchema#long", "value":"9223372036854775807"},
     "p": {"type":"uri", "value":"http://www.w3.org/2001/XMLSchema#long"},
     "s": {"type":"uri", "value":"http://example.org/default"} },
 { "o": {"type":"literal", "datatype":"http://www.w3.org/2001/XMLSchema#gYear", "value":"0001-00-00T00:00:00.001"},
     "p": {"type":"uri", "value":"http://www.w3.org/2001/XMLSchema#gYear"},
     "s": {"type":"uri", "value":"http://example.org/default"} },
 { "o": {"type":"literal", "datatype":"http://www.w3.org/2001/XMLSchema#gYear", "value":"2099-12-31T23:23:59.999"},
     "p": {"type":"uri", "value":"http://www.w3.org/2001/XMLSchema#gYear"},
     "s": {"type":"uri", "value":"http://example.org/default"} },
 { "o": {"type":"literal", "datatype":"http://www.w3.org/2001/XMLSchema#language", "value":"en"},
     "p": {"type":"uri", "value":"http://www.w3.org/2001/XMLSchema#language"},
     "s": {"type":"uri", "value":"http://example.org/default"} },
 { "o": {"type":"literal", "datatype":"http://www.w3.org/2001/XMLSchema#unsignedInt", "value":"0"},
     "p": {"type":"uri", "value":"http://www.w3.org/2001/XMLSchema#unsignedInt"},
     "s": {"type":"uri", "value":"http://example.org/default"} },
 { "o": {"type":"literal", "datatype":"http://www.w3.org/2001/XMLSchema#unsignedInt", "value":"4294967295"},
     "p": {"type":"uri", "value":"http://www.w3.org/2001/XMLSchema#unsignedInt"},
     "s": {"type":"uri", "value":"http://example.org/default"} },
 { "o": {"type":"literal", "datatype":"http://www.w3.org/2001/XMLSchema#yearMonthDuration", "value":"P10Y1M"},
     "p": {"type":"uri", "value":"http://www.w3.org/2001/XMLSchema#yearMonthDuration"},
     "s": {"type":"uri", "value":"http://example.org/default"} },
 { "o": {"type":"literal", "datatype":"http://www.w3.org/2001/XMLSchema#yearMonthDuration", "value":"-P10Y1M"},
     "p": {"type":"uri", "value":"http://www.w3.org/2001/XMLSchema#yearMonthDuration"},
     "s": {"type":"uri", "value":"http://example.org/default"} },
 { "o": {"type":"literal", "datatype":"http://www.w3.org/2001/XMLSchema#anyURI", "value":"http://www.w3.org/2001/XMLSchema#"},
     "p": {"type":"uri", "value":"http://www.w3.org/2001/XMLSchema#anyURI"},
     "s": {"type":"uri", "value":"http://example.org/default"} },
 { "o": {"type":"literal", "datatype":"http://www.w3.org/2001/XMLSchema#Name", "value":"Name"},
     "p": {"type":"uri", "value":"http://www.w3.org/2001/XMLSchema#Name"},
     "s": {"type":"uri", "value":"http://example.org/default"} },
 { "o": {"type":"literal", "datatype":"http://www.w3.org/2001/XMLSchema#token", "value":"token"},
     "p": {"type":"uri", "value":"http://www.w3.org/2001/XMLSchema#token"},
     "s": {"type":"uri", "value":"http://example.org/default"} },
 { "o": {"type":"literal", "datatype":"http://www.w3.org/2001/XMLSchema#int", "value":"-2147483648"},
     "p": {"type":"uri", "value":"http://www.w3.org/2001/XMLSchema#int"},
     "s": {"type":"uri", "value":"http://example.org/default"} },
 { "o": {"type":"literal", "datatype":"http://www.w3.org/2001/XMLSchema#int", "value":"2147483647"},
     "p": {"type":"uri", "value":"http://www.w3.org/2001/XMLSchema#int"},
     "s": {"type":"uri", "value":"http://example.org/default"} },
 { "o": {"type":"literal", "datatype":"http://www.w3.org/2001/XMLSchema#unsignedLong", "value":"0"},
     "p": {"type":"uri", "value":"http://www.w3.org/2001/XMLSchema#unsignedLong"},
     "s": {"type":"uri", "value":"http://example.org/default"} },
 { "o": {"type":"literal", "datatype":"http://www.w3.org/2001/XMLSchema#unsignedLong", "value":"18446744073709551615"},
     "p": {"type":"uri", "value":"http://www.w3.org/2001/XMLSchema#unsignedLong"},
     "s": {"type":"uri", "value":"http://example.org/default"} },
 { "o": {"type":"literal", "datatype":"http://www.w3.org/2001/XMLSchema#double", "value":"0.0"},
     "p": {"type":"uri", "value":"http://www.w3.org/2001/XMLSchema#double"},
     "s": {"type":"uri", "value":"http://example.org/default"} },
 { "o": {"type":"literal", "datatype":"http://www.w3.org/2001/XMLSchema#double", "value":"1.0"},
     "p": {"type":"uri", "value":"http://www.w3.org/2001/XMLSchema#double"},
     "s": {"type":"uri", "value":"http://example.org/default"} },
 { "o": {"type":"literal", "datatype":"http://www.w3.org/2001/XMLSchema#double", "value":"-1.0"},
     "p": {"type":"uri", "value":"http://www.w3.org/2001/XMLSchema#double"},
     "s": {"type":"uri", "value":"http://example.org/default"} },
 { "o": {"type":"literal", "datatype":"http://www.w3.org/2001/XMLSchema#decimal", "value":"1.1"},
     "p": {"type":"uri", "value":"http://www.w3.org/2001/XMLSchema#decimal"},
     "s": {"type":"uri", "value":"http://example.org/default"} },
 { "o": {"type":"literal", "datatype":"http://www.w3.org/2001/XMLSchema#decimal", "value":"-1.1"},
     "p": {"type":"uri", "value":"http://www.w3.org/2001/XMLSchema#decimal"},
     "s": {"type":"uri", "value":"http://example.org/default"} },
 { "o": {"type":"literal", "datatype":"http://www.w3.org/2001/XMLSchema#byte", "value":"-128"},
     "p": {"type":"uri", "value":"http://www.w3.org/2001/XMLSchema#byte"},
     "s": {"type":"uri", "value":"http://example.org/default"} },
 { "o": {"type":"literal", "datatype":"http://www.w3.org/2001/XMLSchema#byte", "value":"127"},
     "p": {"type":"uri", "value":"http://www.w3.org/2001/XMLSchema#byte"},
     "s": {"type":"uri", "value":"http://example.org/default"} },
 { "o": {"type":"literal", "datatype":"http://www.w3.org/2001/XMLSchema#date", "value":"2014-01-01"},
     "p": {"type":"uri", "value":"http://www.w3.org/2001/XMLSchema#date"},
     "s": {"type":"uri", "value":"http://example.org/default"} },
 { "o": {"type":"literal", "datatype":"http://www.w3.org/2001/XMLSchema#date", "value":"-2014-01-01"},
     "p": {"type":"uri", "value":"http://www.w3.org/2001/XMLSchema#date"},
     "s": {"type":"uri", "value":"http://example.org/default"} },
 { "o": {"type":"literal", "datatype":"http://www.w3.org/2001/XMLSchema#base64Binary", "value":"0F+40A=="},
     "p": {"type":"uri", "value":"http://www.w3.org/2001/XMLSchema#base64Binary"},
     "s": {"type":"uri", "value":"http://example.org/default"} },
 { "o": {"type":"literal", "datatype":"http://www.w3.org/2001/XMLSchema#NMTOKEN", "value":"NMTOKEN"},
     "p": {"type":"uri", "value":"http://www.w3.org/2001/XMLSchema#NMTOKEN"},
     "s": {"type":"uri", "value":"http://example.org/default"} },
 { "o": {"type":"literal", "datatype":"http://www.w3.org/2001/XMLSchema#negativeInteger", "value":"-1"},
     "p": {"type":"uri", "value":"http://www.w3.org/2001/XMLSchema#negativeInteger"},
     "s": {"type":"uri", "value":"http://example.org/default"} },
 { "o": {"type":"literal", "datatype":"http://www.w3.org/2001/XMLSchema#negativeInteger", "value":"-36893488147419103230"},
     "p": {"type":"uri", "value":"http://www.w3.org/2001/XMLSchema#negativeInteger"},
     "s": {"type":"uri", "value":"http://example.org/default"} },
 { "o": {"type":"literal", "datatype":"http://www.w3.org/2001/XMLSchema#nonNegativeInteger", "value":"0"},
     "p": {"type":"uri", "value":"http://www.w3.org/2001/XMLSchema#nonNegativeInteger"},
     "s": {"type":"uri", "value":"http://example.org/default"} },
 { "o": {"type":"literal", "datatype":"http://www.w3.org/2001/XMLSchema#nonNegativeInteger", "value":"36893488147419103230"},
     "p": {"type":"uri", "value":"http://www.w3.org/2001/XMLSchema#nonNegativeInteger"},
     "s": {"type":"uri", "value":"http://example.org/default"} },
 { "o": {"type":"literal", "datatype":"http://www.w3.org/2001/XMLSchema#time", "value":"00:00:00.001"},
     "p": {"type":"uri", "value":"http://www.w3.org/2001/XMLSchema#time"},
     "s": {"type":"uri", "value":"http://example.org/default"} },
 { "o": {"type":"literal", "datatype":"http://www.w3.org/2001/XMLSchema#time", "value":"23:23:59.999"},
     "p": {"type":"uri", "value":"http://www.w3.org/2001/XMLSchema#time"},
     "s": {"type":"uri", "value":"http://example.org/default"} },
 { "o": {"type":"literal", "datatype":"http://www.w3.org/2001/XMLSchema#dateTime", "value":"0001-00-00T00:00:00.001"},
     "p": {"type":"uri", "value":"http://www.w3.org/2001/XMLSchema#dateTime"},
     "s": {"type":"uri", "value":"http://example.org/default"} },
 { "o": {"type":"literal", "datatype":"http://www.w3.org/2001/XMLSchema#dateTime", "value":"2099-12-31T23:23:59.999"},
     "p": {"type":"uri", "value":"http://www.w3.org/2001/XMLSchema#dateTime"},
     "s": {"type":"uri", "value":"http://example.org/default"} },
 { "o": {"type":"literal", "datatype":"http://www.w3.org/2001/XMLSchema#NCName", "value":"NCName"},
     "p": {"type":"uri", "value":"http://www.w3.org/2001/XMLSchema#NCName"},
     "s": {"type":"uri", "value":"http://example.org/default"} },
 { "o": {"type":"literal", "datatype":"http://www.w3.org/2001/XMLSchema#gMonth", "value":"--12"},
     "p": {"type":"uri", "value":"http://www.w3.org/2001/XMLSchema#gMonth"},
     "s": {"type":"uri", "value":"http://example.org/default"} },
 { "o": {"type":"literal", "datatype":"http://www.w3.org/2001/XMLSchema#gMonth", "value":"--01"},
     "p": {"type":"uri", "value":"http://www.w3.org/2001/XMLSchema#gMonth"},
     "s": {"type":"uri", "value":"http://example.org/default"} },
 { "o": {"type":"literal", "datatype":"http://www.w3.org/2001/XMLSchema#positiveInteger", "value":"1"},
     "p": {"type":"uri", "value":"http://www.w3.org/2001/XMLSchema#positiveInteger"},
     "s": {"type":"uri", "value":"http://example.org/default"} },
 { "o": {"type":"literal", "datatype":"http://www.w3.org/2001/XMLSchema#positiveInteger", "value":"36893488147419103230"},
     "p": {"type":"uri", "value":"http://www.w3.org/2001/XMLSchema#positiveInteger"},
     "s": {"type":"uri", "value":"http://example.org/default"} },
 { "o": {"type":"literal", "datatype":"http://www.w3.org/2001/XMLSchema#gYearMonth", "value":"0001-00"},
     "p": {"type":"uri", "value":"http://www.w3.org/2001/XMLSchema#gYearMonth"},
     "s": {"type":"uri", "value":"http://example.org/default"} },
 { "o": {"type":"literal", "datatype":"http://www.w3.org/2001/XMLSchema#gYearMonth", "value":"2099-12"},
     "p": {"type":"uri", "value":"http://www.w3.org/2001/XMLSchema#gYearMonth"},
     "s": {"type":"uri", "value":"http://example.org/default"} },
 { "o": {"type":"literal", "datatype":"http://www.w3.org/2001/XMLSchema#gMonthDay", "value":"--01-01"},
     "p": {"type":"uri", "value":"http://www.w3.org/2001/XMLSchema#gMonthDay"},
     "s": {"type":"uri", "value":"http://example.org/default"} },
 { "o": {"type":"literal", "datatype":"http://www.w3.org/2001/XMLSchema#gMonthDay", "value":"--12-31"},
     "p": {"type":"uri", "value":"http://www.w3.org/2001/XMLSchema#gMonthDay"},
     "s": {"type":"uri", "value":"http://example.org/default"} },
 { "o": {"type":"literal", "datatype":"http://www.w3.org/2001/XMLSchema#hexBinary", "value":"0123456789abcdef"},
     "p": {"type":"uri", "value":"http://www.w3.org/2001/XMLSchema#hexBinary"},
     "s": {"type":"uri", "value":"http://example.org/default"} },
 { "o": {"type":"literal", "datatype":"http://www.w3.org/2001/XMLSchema#short", "value":"-32768"},
     "p": {"type":"uri", "value":"http://www.w3.org/2001/XMLSchema#short"},
     "s": {"type":"uri", "value":"http://example.org/default"} },
 { "o": {"type":"literal", "datatype":"http://www.w3.org/2001/XMLSchema#short", "value":"32767"},
     "p": {"type":"uri", "value":"http://www.w3.org/2001/XMLSchema#short"},
     "s": {"type":"uri", "value":"http://example.org/default"} },
 { "o": {"type":"literal", "datatype":"http://www.w3.org/2001/XMLSchema#integer", "value":"1"},
     "p": {"type":"uri", "value":"http://www.w3.org/2001/XMLSchema#integer"},
     "s": {"type":"uri", "value":"http://example.org/default"} },
 { "o": {"type":"literal", "datatype":"http://www.w3.org/2001/XMLSchema#integer", "value":"0"},
     "p": {"type":"uri", "value":"http://www.w3.org/2001/XMLSchema#integer"},
     "s": {"type":"uri", "value":"http://example.org/default"} },
 { "o": {"type":"literal", "datatype":"http://www.w3.org/2001/XMLSchema#integer", "value":"-1"},
     "p": {"type":"uri", "value":"http://www.w3.org/2001/XMLSchema#integer"},
     "s": {"type":"uri", "value":"http://example.org/default"} },
 { "o": {"type":"literal", "datatype":"http://www.w3.org/2001/XMLSchema#unsignedShort", "value":"0"},
     "p": {"type":"uri", "value":"http://www.w3.org/2001/XMLSchema#unsignedShort"},
     "s": {"type":"uri", "value":"http://example.org/default"} },
 { "o": {"type":"literal", "datatype":"http://www.w3.org/2001/XMLSchema#unsignedShort", "value":"65535"},
     "p": {"type":"uri", "value":"http://www.w3.org/2001/XMLSchema#unsignedShort"},
     "s": {"type":"uri", "value":"http://example.org/default"} },
 { "o": {"type":"literal", "datatype":"http://www.w3.org/2001/XMLSchema#gDay", "value":"---01"},
     "p": {"type":"uri", "value":"http://www.w3.org/2001/XMLSchema#gDay"},
     "s": {"type":"uri", "value":"http://example.org/default"} },
 { "o": {"type":"literal", "datatype":"http://www.w3.org/2001/XMLSchema#gDay", "value":"---31"},
     "p": {"type":"uri", "value":"http://www.w3.org/2001/XMLSchema#gDay"},
     "s": {"type":"uri", "value":"http://example.org/default"} },
 { "o": {"type":"literal", "datatype":"http://www.w3.org/2001/XMLSchema#unsignedByte", "value":"0"},
     "p": {"type":"uri", "value":"http://www.w3.org/2001/XMLSchema#unsignedByte"},
     "s": {"type":"uri", "value":"http://example.org/default"} },
 { "o": {"type":"literal", "datatype":"http://www.w3.org/2001/XMLSchema#unsignedByte", "value":"255"},
     "p": {"type":"uri", "value":"http://www.w3.org/2001/XMLSchema#unsignedByte"},
     "s": {"type":"uri", "value":"http://example.org/default"} },
 { "o": {"type":"literal", "datatype":"http://www.w3.org/2001/XMLSchema#boolean", "value":"true"},
     "p": {"type":"uri", "value":"http://www.w3.org/2001/XMLSchema#boolean"},
     "s": {"type":"uri", "value":"http://example.org/default"} },
 { "o": {"type":"literal", "datatype":"http://www.w3.org/2001/XMLSchema#boolean", "value":"false"},
     "p": {"type":"uri", "value":"http://www.w3.org/2001/XMLSchema#boolean"},
     "s": {"type":"uri", "value":"http://example.org/default"} },
 { "o": {"type":"bnode", "value":"object"},
     "p": {"type":"uri", "value":"http://example.org/predicate"},
     "s": {"type":"bnode", "value":"subject"} } ] } }
