<?xml version='1.0' encoding='utf-8'?>
<rdf:RDF
   xmlns:rdf='http://www.w3.org/1999/02/22-rdf-syntax-ns#'
   xmlns:rdfs='http://www.w3.org/2000/01/rdf-schema#'
   xmlns:xsd='http://www.w3.org/2001/XMLSchema#'>
  <rdf:Description rdf:about='http://example.org/subject'><ns1:predicate    xmlns:ns1='http://example.org/' rdf:datatype='http://www.w3.org/2001/XMLSchema#integer' >1</ns1:predicate></rdf:Description>
  <rdf:Description rdf:about='http://example.org/subject'><ns1:predicate    xmlns:ns1='http://example.org/' rdf:resource='http://example.org/object'/></rdf:Description>
  <rdf:Description rdf:about='http://example.org/subject'><ns1:predicate    xmlns:ns1='http://example.org/' >a string</ns1:predicate></rdf:Description>
  <rdf:Description rdf:about='http://example.org/subject'><ns1:predicate    xmlns:ns1='http://example.org/' rdf:nodeID='object'/></rdf:Description>
  <rdf:Description rdf:nodeID='subject'><ns1:predicate    xmlns:ns1='http://example.org/' rdf:datatype='http://www.w3.org/2001/XMLSchema#integer' >1</ns1:predicate></rdf:Description>
  <rdf:Description rdf:nodeID='subject'><ns1:predicate    xmlns:ns1='http://example.org/' rdf:resource='http://example.org/object'/></rdf:Description>
  <rdf:Description rdf:nodeID='subject'><ns1:predicate    xmlns:ns1='http://example.org/' >a string</ns1:predicate></rdf:Description>
  <rdf:Description rdf:nodeID='subject'><ns1:predicate    xmlns:ns1='http://example.org/' rdf:nodeID='object'/></rdf:Description>
  <rdf:Description rdf:about='http://example.org/default'><ns2:dayTimeDuration    xmlns:ns2='http://www.w3.org/2001/XMLSchema#' rdf:datatype='http://www.w3.org/2001/XMLSchema#dayTimeDuration' >-P31DT23H59M59S</ns2:dayTimeDuration></rdf:Description>
  <rdf:Description rdf:about='http://example.org/default'><ns2:dayTimeDuration    xmlns:ns2='http://www.w3.org/2001/XMLSchema#' rdf:datatype='http://www.w3.org/2001/XMLSchema#dayTimeDuration' >P31DT23H59M59S</ns2:dayTimeDuration></rdf:Description>
  <rdf:Description rdf:about='http://example.org/default'><ns2:float    xmlns:ns2='http://www.w3.org/2001/XMLSchema#' rdf:datatype='http://www.w3.org/2001/XMLSchema#float' >0.0</ns2:float></rdf:Description>
  <rdf:Description rdf:about='http://example.org/default'><ns2:float    xmlns:ns2='http://www.w3.org/2001/XMLSchema#' rdf:datatype='http://www.w3.org/2001/XMLSchema#float' >1.0</ns2:float></rdf:Description>
  <rdf:Description rdf:about='http://example.org/default'><ns2:float    xmlns:ns2='http://www.w3.org/2001/XMLSchema#' rdf:datatype='http://www.w3.org/2001/XMLSchema#float' >-1.0</ns2:float></rdf:Description>
  <rdf:Description rdf:about='http://example.org/default'><ns2:string    xmlns:ns2='http://www.w3.org/2001/XMLSchema#' >a string</ns2:string></rdf:Description>
  <rdf:Description rdf:about='http://example.org/default'><ns2:normalizedString    xmlns:ns2='http://www.w3.org/2001/XMLSchema#' rdf:datatype='http://www.w3.org/2001/XMLSchema#normalizedString' >normalizedString</ns2:normalizedString></rdf:Description>
  <rdf:Description rdf:about='http://example.org/default'><ns2:nonPositiveInteger    xmlns:ns2='http://www.w3.org/2001/XMLSchema#' rdf:datatype='http://www.w3.org/2001/XMLSchema#nonPositiveInteger' >0</ns2:nonPositiveInteger></rdf:Description>
  <rdf:Description rdf:about='http://example.org/default'><ns2:nonPositiveInteger    xmlns:ns2='http://www.w3.org/2001/XMLSchema#' rdf:datatype='http://www.w3.org/2001/XMLSchema#nonPositiveInteger' >-36893488147419103230</ns2:nonPositiveInteger></rdf:Description>
  <rdf:Description rdf:about='http://example.org/default'><ns2:long    xmlns:ns2='http://www.w3.org/2001/XMLSchema#' rdf:datatype='http://www.w3.org/2001/XMLSchema#long' >-9223372036854775808</ns2:long></rdf:Description>
  <rdf:Description rdf:about='http://example.org/default'><ns2:long    xmlns:ns2='http://www.w3.org/2001/XMLSchema#' rdf:datatype='http://www.w3.org/2001/XMLSchema#long' >9223372036854775807</ns2:long></rdf:Description>
  <rdf:Description rdf:about='http://example.org/default'><ns2:gYear    xmlns:ns2='http://www.w3.org/2001/XMLSchema#' rdf:datatype='http://www.w3.org/2001/XMLSchema#gYear' >0001-00-00T00:00:00.001</ns2:gYear></rdf:Description>
  <rdf:Description rdf:about='http://example.org/default'><ns2:gYear    xmlns:ns2='http://www.w3.org/2001/XMLSchema#' rdf:datatype='http://www.w3.org/2001/XMLSchema#gYear' >2099-12-31T23:23:59.999</ns2:gYear></rdf:Description>
  <rdf:Description rdf:about='http://example.org/default'><ns2:language    xmlns:ns2='http://www.w3.org/2001/XMLSchema#' rdf:datatype='http://www.w3.org/2001/XMLSchema#language' >en</ns2:language></rdf:Description>
  <rdf:Description rdf:about='http://example.org/default'><ns2:unsignedInt    xmlns:ns2='http://www.w3.org/2001/XMLSchema#' rdf:datatype='http://www.w3.org/2001/XMLSchema#unsignedInt' >0</ns2:unsignedInt></rdf:Description>
  <rdf:Description rdf:about='http://example.org/default'><ns2:unsignedInt    xmlns:ns2='http://www.w3.org/2001/XMLSchema#' rdf:datatype='http://www.w3.org/2001/XMLSchema#unsignedInt' >4294967295</ns2:unsignedInt></rdf:Description>
  <rdf:Description rdf:about='http://example.org/default'><ns2:yearMonthDuration    xmlns:ns2='http://www.w3.org/2001/XMLSchema#' rdf:datatype='http://www.w3.org/2001/XMLSchema#yearMonthDuration' >P10Y1M</ns2:yearMonthDuration></rdf:Description>
  <rdf:Description rdf:about='http://example.org/default'><ns2:yearMonthDuration    xmlns:ns2='http://www.w3.org/2001/XMLSchema#' rdf:datatype='http://www.w3.org/2001/XMLSchema#yearMonthDuration' >-P10Y1M</ns2:yearMonthDuration></rdf:Description>
  <rdf:Description rdf:about='http://example.org/default'><ns2:anyURI    xmlns:ns2='http://www.w3.org/2001/XMLSchema#' rdf:datatype='http://www.w3.org/2001/XMLSchema#anyURI' >http://www.w3.org/2001/XMLSchema#</ns2:anyURI></rdf:Description>
  <rdf:Description rdf:about='http://example.org/default'><ns2:Name    xmlns:ns2='http://www.w3.org/2001/XMLSchema#' rdf:datatype='http://www.w3.org/2001/XMLSchema#Name' >Name</ns2:Name></rdf:Description>
  <rdf:Description rdf:about='http://example.org/default'><ns2:token    xmlns:ns2='http://www.w3.org/2001/XMLSchema#' rdf:datatype='http://www.w3.org/2001/XMLSchema#token' >token</ns2:token></rdf:Description>
  <rdf:Description rdf:about='http://example.org/default'><ns2:int    xmlns:ns2='http://www.w3.org/2001/XMLSchema#' rdf:datatype='http://www.w3.org/2001/XMLSchema#int' >-2147483648</ns2:int></rdf:Description>
  <rdf:Description rdf:about='http://example.org/default'><ns2:int    xmlns:ns2='http://www.w3.org/2001/XMLSchema#' rdf:datatype='http://www.w3.org/2001/XMLSchema#int' >2147483647</ns2:int></rdf:Description>
  <rdf:Description rdf:about='http://example.org/default'><ns2:unsignedLong    xmlns:ns2='http://www.w3.org/2001/XMLSchema#' rdf:datatype='http://www.w3.org/2001/XMLSchema#unsignedLong' >0</ns2:unsignedLong></rdf:Description>
  <rdf:Description rdf:about='http://example.org/default'><ns2:unsignedLong    xmlns:ns2='http://www.w3.org/2001/XMLSchema#' rdf:datatype='http://www.w3.org/2001/XMLSchema#unsignedLong' >18446744073709551615</ns2:unsignedLong></rdf:Description>
  <rdf:Description rdf:about='http://example.org/default'><ns2:double    xmlns:ns2='http://www.w3.org/2001/XMLSchema#' rdf:datatype='http://www.w3.org/2001/XMLSchema#double' >0.0</ns2:double></rdf:Description>
  <rdf:Description rdf:about='http://example.org/default'><ns2:double    xmlns:ns2='http://www.w3.org/2001/XMLSchema#' rdf:datatype='http://www.w3.org/2001/XMLSchema#double' >1.0</ns2:double></rdf:Description>
  <rdf:Description rdf:about='http://example.org/default'><ns2:double    xmlns:ns2='http://www.w3.org/2001/XMLSchema#' rdf:datatype='http://www.w3.org/2001/XMLSchema#double' >-1.0</ns2:double></rdf:Description>
  <rdf:Description rdf:about='http://example.org/default'><ns2:decimal    xmlns:ns2='http://www.w3.org/2001/XMLSchema#' rdf:datatype='http://www.w3.org/2001/XMLSchema#decimal' >1.1</ns2:decimal></rdf:Description>
  <rdf:Description rdf:about='http://example.org/default'><ns2:decimal    xmlns:ns2='http://www.w3.org/2001/XMLSchema#' rdf:datatype='http://www.w3.org/2001/XMLSchema#decimal' >-1.1</ns2:decimal></rdf:Description>
  <rdf:Description rdf:about='http://example.org/default'><ns2:byte    xmlns:ns2='http://www.w3.org/2001/XMLSchema#' rdf:datatype='http://www.w3.org/2001/XMLSchema#byte' >-128</ns2:byte></rdf:Description>
  <rdf:Description rdf:about='http://example.org/default'><ns2:byte    xmlns:ns2='http://www.w3.org/2001/XMLSchema#' rdf:datatype='http://www.w3.org/2001/XMLSchema#byte' >127</ns2:byte></rdf:Description>
  <rdf:Description rdf:about='http://example.org/default'><ns2:date    xmlns:ns2='http://www.w3.org/2001/XMLSchema#' rdf:datatype='http://www.w3.org/2001/XMLSchema#date' >2014-01-01</ns2:date></rdf:Description>
  <rdf:Description rdf:about='http://example.org/default'><ns2:date    xmlns:ns2='http://www.w3.org/2001/XMLSchema#' rdf:datatype='http://www.w3.org/2001/XMLSchema#date' >-2014-01-01</ns2:date></rdf:Description>
  <rdf:Description rdf:about='http://example.org/default'><ns2:base64Binary    xmlns:ns2='http://www.w3.org/2001/XMLSchema#' rdf:datatype='http://www.w3.org/2001/XMLSchema#base64Binary' >0F+40A==</ns2:base64Binary></rdf:Description>
  <rdf:Description rdf:about='http://example.org/default'><ns2:NMTOKEN    xmlns:ns2='http://www.w3.org/2001/XMLSchema#' rdf:datatype='http://www.w3.org/2001/XMLSchema#NMTOKEN' >NMTOKEN</ns2:NMTOKEN></rdf:Description>
  <rdf:Description rdf:about='http://example.org/default'><ns2:negativeInteger    xmlns:ns2='http://www.w3.org/2001/XMLSchema#' rdf:datatype='http://www.w3.org/2001/XMLSchema#negativeInteger' >-1</ns2:negativeInteger></rdf:Description>
  <rdf:Description rdf:about='http://example.org/default'><ns2:negativeInteger    xmlns:ns2='http://www.w3.org/2001/XMLSchema#' rdf:datatype='http://www.w3.org/2001/XMLSchema#negativeInteger' >-36893488147419103230</ns2:negativeInteger></rdf:Description>
  <rdf:Description rdf:about='http://example.org/default'><ns2:nonNegativeInteger    xmlns:ns2='http://www.w3.org/2001/XMLSchema#' rdf:datatype='http://www.w3.org/2001/XMLSchema#nonNegativeInteger' >0</ns2:nonNegativeInteger></rdf:Description>
  <rdf:Description rdf:about='http://example.org/default'><ns2:nonNegativeInteger    xmlns:ns2='http://www.w3.org/2001/XMLSchema#' rdf:datatype='http://www.w3.org/2001/XMLSchema#nonNegativeInteger' >36893488147419103230</ns2:nonNegativeInteger></rdf:Description>
  <rdf:Description rdf:about='http://example.org/default'><ns2:time    xmlns:ns2='http://www.w3.org/2001/XMLSchema#' rdf:datatype='http://www.w3.org/2001/XMLSchema#time' >00:00:00.001</ns2:time></rdf:Description>
  <rdf:Description rdf:about='http://example.org/default'><ns2:time    xmlns:ns2='http://www.w3.org/2001/XMLSchema#' rdf:datatype='http://www.w3.org/2001/XMLSchema#time' >23:23:59.999</ns2:time></rdf:Description>
  <rdf:Description rdf:about='http://example.org/default'><ns2:dateTime    xmlns:ns2='http://www.w3.org/2001/XMLSchema#' rdf:datatype='http://www.w3.org/2001/XMLSchema#dateTime' >0001-00-00T00:00:00.001</ns2:dateTime></rdf:Description>
  <rdf:Description rdf:about='http://example.org/default'><ns2:dateTime    xmlns:ns2='http://www.w3.org/2001/XMLSchema#' rdf:datatype='http://www.w3.org/2001/XMLSchema#dateTime' >2099-12-31T23:23:59.999</ns2:dateTime></rdf:Description>
  <rdf:Description rdf:about='http://example.org/default'><ns2:NCName    xmlns:ns2='http://www.w3.org/2001/XMLSchema#' rdf:datatype='http://www.w3.org/2001/XMLSchema#NCName' >NCName</ns2:NCName></rdf:Description>
  <rdf:Description rdf:about='http://example.org/default'><ns2:gMonth    xmlns:ns2='http://www.w3.org/2001/XMLSchema#' rdf:datatype='http://www.w3.org/2001/XMLSchema#gMonth' >--12</ns2:gMonth></rdf:Description>
  <rdf:Description rdf:about='http://example.org/default'><ns2:gMonth    xmlns:ns2='http://www.w3.org/2001/XMLSchema#' rdf:datatype='http://www.w3.org/2001/XMLSchema#gMonth' >--01</ns2:gMonth></rdf:Description>
  <rdf:Description rdf:about='http://example.org/default'><ns2:positiveInteger    xmlns:ns2='http://www.w3.org/2001/XMLSchema#' rdf:datatype='http://www.w3.org/2001/XMLSchema#positiveInteger' >1</ns2:positiveInteger></rdf:Description>
  <rdf:Description rdf:about='http://example.org/default'><ns2:positiveInteger    xmlns:ns2='http://www.w3.org/2001/XMLSchema#' rdf:datatype='http://www.w3.org/2001/XMLSchema#positiveInteger' >36893488147419103230</ns2:positiveInteger></rdf:Description>
  <rdf:Description rdf:about='http://example.org/default'><ns2:gYearMonth    xmlns:ns2='http://www.w3.org/2001/XMLSchema#' rdf:datatype='http://www.w3.org/2001/XMLSchema#gYearMonth' >0001-00</ns2:gYearMonth></rdf:Description>
  <rdf:Description rdf:about='http://example.org/default'><ns2:gYearMonth    xmlns:ns2='http://www.w3.org/2001/XMLSchema#' rdf:datatype='http://www.w3.org/2001/XMLSchema#gYearMonth' >2099-12</ns2:gYearMonth></rdf:Description>
  <rdf:Description rdf:about='http://example.org/default'><ns2:gMonthDay    xmlns:ns2='http://www.w3.org/2001/XMLSchema#' rdf:datatype='http://www.w3.org/2001/XMLSchema#gMonthDay' >--01-01</ns2:gMonthDay></rdf:Description>
  <rdf:Description rdf:about='http://example.org/default'><ns2:gMonthDay    xmlns:ns2='http://www.w3.org/2001/XMLSchema#' rdf:datatype='http://www.w3.org/2001/XMLSchema#gMonthDay' >--12-31</ns2:gMonthDay></rdf:Description>
  <rdf:Description rdf:about='http://example.org/default'><ns2:hexBinary    xmlns:ns2='http://www.w3.org/2001/XMLSchema#' rdf:datatype='http://www.w3.org/2001/XMLSchema#hexBinary' >0123456789abcdef</ns2:hexBinary></rdf:Description>
  <rdf:Description rdf:about='http://example.org/default'><ns2:short    xmlns:ns2='http://www.w3.org/2001/XMLSchema#' rdf:datatype='http://www.w3.org/2001/XMLSchema#short' >-32768</ns2:short></rdf:Description>
  <rdf:Description rdf:about='http://example.org/default'><ns2:short    xmlns:ns2='http://www.w3.org/2001/XMLSchema#' rdf:datatype='http://www.w3.org/2001/XMLSchema#short' >32767</ns2:short></rdf:Description>
  <rdf:Description rdf:about='http://example.org/default'><ns2:integer    xmlns:ns2='http://www.w3.org/2001/XMLSchema#' rdf:datatype='http://www.w3.org/2001/XMLSchema#integer' >1</ns2:integer></rdf:Description>
  <rdf:Description rdf:about='http://example.org/default'><ns2:integer    xmlns:ns2='http://www.w3.org/2001/XMLSchema#' rdf:datatype='http://www.w3.org/2001/XMLSchema#integer' >0</ns2:integer></rdf:Description>
  <rdf:Description rdf:about='http://example.org/default'><ns2:integer    xmlns:ns2='http://www.w3.org/2001/XMLSchema#' rdf:datatype='http://www.w3.org/2001/XMLSchema#integer' >-1</ns2:integer></rdf:Description>
  <rdf:Description rdf:about='http://example.org/default'><ns2:unsignedShort    xmlns:ns2='http://www.w3.org/2001/XMLSchema#' rdf:datatype='http://www.w3.org/2001/XMLSchema#unsignedShort' >0</ns2:unsignedShort></rdf:Description>
  <rdf:Description rdf:about='http://example.org/default'><ns2:unsignedShort    xmlns:ns2='http://www.w3.org/2001/XMLSchema#' rdf:datatype='http://www.w3.org/2001/XMLSchema#unsignedShort' >65535</ns2:unsignedShort></rdf:Description>
  <rdf:Description rdf:about='http://example.org/default'><ns2:gDay    xmlns:ns2='http://www.w3.org/2001/XMLSchema#' rdf:datatype='http://www.w3.org/2001/XMLSchema#gDay' >---01</ns2:gDay></rdf:Description>
  <rdf:Description rdf:about='http://example.org/default'><ns2:gDay    xmlns:ns2='http://www.w3.org/2001/XMLSchema#' rdf:datatype='http://www.w3.org/2001/XMLSchema#gDay' >---31</ns2:gDay></rdf:Description>
  <rdf:Description rdf:about='http://example.org/default'><ns2:unsignedByte    xmlns:ns2='http://www.w3.org/2001/XMLSchema#' rdf:datatype='http://www.w3.org/2001/XMLSchema#unsignedByte' >0</ns2:unsignedByte></rdf:Description>
  <rdf:Description rdf:about='http://example.org/default'><ns2:unsignedByte    xmlns:ns2='http://www.w3.org/2001/XMLSchema#' rdf:datatype='http://www.w3.org/2001/XMLSchema#unsignedByte' >255</ns2:unsignedByte></rdf:Description>
  <rdf:Description rdf:about='http://example.org/default'><ns2:boolean    xmlns:ns2='http://www.w3.org/2001/XMLSchema#' rdf:datatype='http://www.w3.org/2001/XMLSchema#boolean' >true</ns2:boolean></rdf:Description>
  <rdf:Description rdf:about='http://example.org/default'><ns2:boolean    xmlns:ns2='http://www.w3.org/2001/XMLSchema#' rdf:datatype='http://www.w3.org/2001/XMLSchema#boolean' >false</ns2:boolean></rdf:Description>
</rdf:RDF>
