[{"type":"bnode", "value":"subject"}, {"type":"uri", "value":"http://example.org/predicate"}, {"type":"bnode", "value":"object"}]
[{"type":"bnode", "value":"subject"}, {"type":"uri", "value":"http://example.org/predicate"}, {"type":"uri", "value":"http://example.org/object"}]
[{"type":"bnode", "value":"subject"}, {"type":"uri", "value":"http://example.org/predicate"}, {"type":"literal", "datatype":"http://www.w3.org/2001/XMLSchema#string", "value":"a string"}]
[{"type":"bnode", "value":"subject"}, {"type":"uri", "value":"http://example.org/predicate"}, {"type":"literal", "datatype":"http://www.w3.org/2001/XMLSchema#integer", "value":"1"}]
[{"type":"uri", "value":"http://example.org/default"}, {"type":"uri", "value":"http://example.org/special"}, {"type":"literal", "datatype":"http://example.org/special", "value":"special string with comma (,)"}]
[{"type":"uri", "value":"http://example.org/default"}, {"type":"uri", "value":"http://www.w3.org/2001/XMLSchema#NCName"}, {"type":"literal", "datatype":"http://www.w3.org/2001/XMLSchema#NCName", "value":"NCName"}]
[{"type":"uri", "value":"http://example.org/default"}, {"type":"uri", "value":"http://www.w3.org/2001/XMLSchema#NMTOKEN"}, {"type":"literal", "datatype":"http://www.w3.org/2001/XMLSchema#NMTOKEN", "value":"NMTOKEN"}]
[{"type":"uri", "value":"http://example.org/default"}, {"type":"uri", "value":"http://www.w3.org/2001/XMLSchema#Name"}, {"type":"literal", "datatype":"http://www.w3.org/2001/XMLSchema#Name", "value":"Name"}]
[{"type":"uri", "value":"http://example.org/default"}, {"type":"uri", "value":"http://www.w3.org/2001/XMLSchema#anyURI"}, {"type":"literal", "datatype":"http://www.w3.org/2001/XMLSchema#anyURI", "value":"http://www.w3.org/2001/XMLSchema#"}]
[{"type":"uri", "value":"http://example.org/default"}, {"type":"uri", "value":"http://www.w3.org/2001/XMLSchema#base64Binary"}, {"type":"literal", "datatype":"http://www.w3.org/2001/XMLSchema#base64Binary", "value":"0F+40A=="}]
[{"type":"uri", "value":"http://example.org/default"}, {"type":"uri", "value":"http://www.w3.org/2001/XMLSchema#boolean"}, {"type":"literal", "datatype":"http://www.w3.org/2001/XMLSchema#boolean", "value":"false"}]
[{"type":"uri", "value":"http://example.org/default"}, {"type":"uri", "value":"http://www.w3.org/2001/XMLSchema#boolean"}, {"type":"literal", "datatype":"http://www.w3.org/2001/XMLSchema#boolean", "value":"true"}]
[{"type":"uri", "value":"http://example.org/default"}, {"type":"uri", "value":"http://www.w3.org/2001/XMLSchema#byte"}, {"type":"literal", "datatype":"http://www.w3.org/2001/XMLSchema#byte", "value":"-128"}]
[{"type":"uri", "value":"http://example.org/default"}, {"type":"uri", "value":"http://www.w3.org/2001/XMLSchema#byte"}, {"type":"literal", "datatype":"http://www.w3.org/2001/XMLSchema#byte", "value":"127"}]
[{"type":"uri", "value":"http://example.org/default"}, {"type":"uri", "value":"http://www.w3.org/2001/XMLSchema#date"}, {"type":"literal", "datatype":"http://www.w3.org/2001/XMLSchema#date", "value":"-2014-01-01"}]
[{"type":"uri", "value":"http://example.org/default"}, {"type":"uri", "value":"http://www.w3.org/2001/XMLSchema#date"}, {"type":"literal", "datatype":"http://www.w3.org/2001/XMLSchema#date", "value":"2014-01-01"}]
[{"type":"uri", "value":"http://example.org/default"}, {"type":"uri", "value":"http://www.w3.org/2001/XMLSchema#dateTime"}, {"type":"literal", "datatype":"http://www.w3.org/2001/XMLSchema#dateTime", "value":"2099-12-31T23:23:59.999"}]
[{"type":"uri", "value":"http://example.org/default"}, {"type":"uri", "value":"http://www.w3.org/2001/XMLSchema#dateTime"}, {"type":"literal", "datatype":"http://www.w3.org/2001/XMLSchema#dateTime", "value":"0001-00-00T00:00:00.001"}]
[{"type":"uri", "value":"http://example.org/default"}, {"type":"uri", "value":"http://www.w3.org/2001/XMLSchema#dayTimeDuration"}, {"type":"literal", "datatype":"http://www.w3.org/2001/XMLSchema#dayTimeDuration", "value":"-P31DT23H59M59S"}]
[{"type":"uri", "value":"http://example.org/default"}, {"type":"uri", "value":"http://www.w3.org/2001/XMLSchema#dayTimeDuration"}, {"type":"literal", "datatype":"http://www.w3.org/2001/XMLSchema#dayTimeDuration", "value":"P31DT23H59M59S"}]
[{"type":"uri", "value":"http://example.org/default"}, {"type":"uri", "value":"http://www.w3.org/2001/XMLSchema#decimal"}, {"type":"literal", "datatype":"http://www.w3.org/2001/XMLSchema#decimal", "value":"-1.1"}]
[{"type":"uri", "value":"http://example.org/default"}, {"type":"uri", "value":"http://www.w3.org/2001/XMLSchema#decimal"}, {"type":"literal", "datatype":"http://www.w3.org/2001/XMLSchema#decimal", "value":"1.1"}]
[{"type":"uri", "value":"http://example.org/default"}, {"type":"uri", "value":"http://www.w3.org/2001/XMLSchema#double"}, {"type":"literal", "datatype":"http://www.w3.org/2001/XMLSchema#double", "value":"-1.0"}]
[{"type":"uri", "value":"http://example.org/default"}, {"type":"uri", "value":"http://www.w3.org/2001/XMLSchema#double"}, {"type":"literal", "datatype":"http://www.w3.org/2001/XMLSchema#double", "value":"0.0"}]
[{"type":"uri", "value":"http://example.org/default"}, {"type":"uri", "value":"http://www.w3.org/2001/XMLSchema#double"}, {"type":"literal", "datatype":"http://www.w3.org/2001/XMLSchema#double", "value":"1.0"}]
[{"type":"uri", "value":"http://example.org/default"}, {"type":"uri", "value":"http://www.w3.org/2001/XMLSchema#float"}, {"type":"literal", "datatype":"http://www.w3.org/2001/XMLSchema#float", "value":"-1.0"}]
[{"type":"uri", "value":"http://example.org/default"}, {"type":"uri", "value":"http://www.w3.org/2001/XMLSchema#float"}, {"type":"literal", "datatype":"http://www.w3.org/2001/XMLSchema#float", "value":"0.0"}]
[{"type":"uri", "value":"http://example.org/default"}, {"type":"uri", "value":"http://www.w3.org/2001/XMLSchema#float"}, {"type":"literal", "datatype":"http://www.w3.org/2001/XMLSchema#float", "value":"1.0"}]
[{"type":"uri", "value":"http://example.org/default"}, {"type":"uri", "value":"http://www.w3.org/2001/XMLSchema#gDay"}, {"type":"literal", "datatype":"http://www.w3.org/2001/XMLSchema#gDay", "value":"---31"}]
[{"type":"uri", "value":"http://example.org/default"}, {"type":"uri", "value":"http://www.w3.org/2001/XMLSchema#gDay"}, {"type":"literal", "datatype":"http://www.w3.org/2001/XMLSchema#gDay", "value":"---01"}]
[{"type":"uri", "value":"http://example.org/default"}, {"type":"uri", "value":"http://www.w3.org/2001/XMLSchema#gMonth"}, {"type":"literal", "datatype":"http://www.w3.org/2001/XMLSchema#gMonth", "value":"--01"}]
[{"type":"uri", "value":"http://example.org/default"}, {"type":"uri", "value":"http://www.w3.org/2001/XMLSchema#gMonth"}, {"type":"literal", "datatype":"http://www.w3.org/2001/XMLSchema#gMonth", "value":"--12"}]
[{"type":"uri", "value":"http://example.org/default"}, {"type":"uri", "value":"http://www.w3.org/2001/XMLSchema#gMonthDay"}, {"type":"literal", "datatype":"http://www.w3.org/2001/XMLSchema#gMonthDay", "value":"--12-31"}]
[{"type":"uri", "value":"http://example.org/default"}, {"type":"uri", "value":"http://www.w3.org/2001/XMLSchema#gMonthDay"}, {"type":"literal", "datatype":"http://www.w3.org/2001/XMLSchema#gMonthDay", "value":"--01-01"}]
[{"type":"uri", "value":"http://example.org/default"}, {"type":"uri", "value":"http://www.w3.org/2001/XMLSchema#gYear"}, {"type":"literal", "datatype":"http://www.w3.org/2001/XMLSchema#gYear", "value":"2099-12-31T23:23:59.999"}]
[{"type":"uri", "value":"http://example.org/default"}, {"type":"uri", "value":"http://www.w3.org/2001/XMLSchema#gYear"}, {"type":"literal", "datatype":"http://www.w3.org/2001/XMLSchema#gYear", "value":"0001-00-00T00:00:00.001"}]
[{"type":"uri", "value":"http://example.org/default"}, {"type":"uri", "value":"http://www.w3.org/2001/XMLSchema#gYearMonth"}, {"type":"literal", "datatype":"http://www.w3.org/2001/XMLSchema#gYearMonth", "value":"2099-12"}]
[{"type":"uri", "value":"http://example.org/default"}, {"type":"uri", "value":"http://www.w3.org/2001/XMLSchema#gYearMonth"}, {"type":"literal", "datatype":"http://www.w3.org/2001/XMLSchema#gYearMonth", "value":"0001-00"}]
[{"type":"uri", "value":"http://example.org/default"}, {"type":"uri", "value":"http://www.w3.org/2001/XMLSchema#hexBinary"}, {"type":"literal", "datatype":"http://www.w3.org/2001/XMLSchema#hexBinary", "value":"0123456789abcdef"}]
[{"type":"uri", "value":"http://example.org/default"}, {"type":"uri", "value":"http://www.w3.org/2001/XMLSchema#int"}, {"type":"literal", "datatype":"http://www.w3.org/2001/XMLSchema#int", "value":"-2147483648"}]
[{"type":"uri", "value":"http://example.org/default"}, {"type":"uri", "value":"http://www.w3.org/2001/XMLSchema#int"}, {"type":"literal", "datatype":"http://www.w3.org/2001/XMLSchema#int", "value":"2147483647"}]
[{"type":"uri", "value":"http://example.org/default"}, {"type":"uri", "value":"http://www.w3.org/2001/XMLSchema#integer"}, {"type":"literal", "datatype":"http://www.w3.org/2001/XMLSchema#integer", "value":"-10"}]
[{"type":"uri", "value":"http://example.org/default"}, {"type":"uri", "value":"http://www.w3.org/2001/XMLSchema#integer"}, {"type":"literal", "datatype":"http://www.w3.org/2001/XMLSchema#integer", "value":"0"}]
[{"type":"uri", "value":"http://example.org/default"}, {"type":"uri", "value":"http://www.w3.org/2001/XMLSchema#integer"}, {"type":"literal", "datatype":"http://www.w3.org/2001/XMLSchema#integer", "value":"10"}]
[{"type":"uri", "value":"http://example.org/default"}, {"type":"uri", "value":"http://www.w3.org/2001/XMLSchema#language"}, {"type":"literal", "datatype":"http://www.w3.org/2001/XMLSchema#language", "value":"en"}]
[{"type":"uri", "value":"http://example.org/default"}, {"type":"uri", "value":"http://www.w3.org/2001/XMLSchema#long"}, {"type":"literal", "datatype":"http://www.w3.org/2001/XMLSchema#long", "value":"-9223372036854775808"}]
[{"type":"uri", "value":"http://example.org/default"}, {"type":"uri", "value":"http://www.w3.org/2001/XMLSchema#long"}, {"type":"literal", "datatype":"http://www.w3.org/2001/XMLSchema#long", "value":"9223372036854775807"}]
[{"type":"uri", "value":"http://example.org/default"}, {"type":"uri", "value":"http://www.w3.org/2001/XMLSchema#negativeInteger"}, {"type":"literal", "datatype":"http://www.w3.org/2001/XMLSchema#negativeInteger", "value":"-36893488147419103230"}]
[{"type":"uri", "value":"http://example.org/default"}, {"type":"uri", "value":"http://www.w3.org/2001/XMLSchema#negativeInteger"}, {"type":"literal", "datatype":"http://www.w3.org/2001/XMLSchema#negativeInteger", "value":"-1"}]
[{"type":"uri", "value":"http://example.org/default"}, {"type":"uri", "value":"http://www.w3.org/2001/XMLSchema#nonNegativeInteger"}, {"type":"literal", "datatype":"http://www.w3.org/2001/XMLSchema#nonNegativeInteger", "value":"0"}]
[{"type":"uri", "value":"http://example.org/default"}, {"type":"uri", "value":"http://www.w3.org/2001/XMLSchema#nonNegativeInteger"}, {"type":"literal", "datatype":"http://www.w3.org/2001/XMLSchema#nonNegativeInteger", "value":"36893488147419103230"}]
[{"type":"uri", "value":"http://example.org/default"}, {"type":"uri", "value":"http://www.w3.org/2001/XMLSchema#nonPositiveInteger"}, {"type":"literal", "datatype":"http://www.w3.org/2001/XMLSchema#nonPositiveInteger", "value":"-36893488147419103230"}]
[{"type":"uri", "value":"http://example.org/default"}, {"type":"uri", "value":"http://www.w3.org/2001/XMLSchema#nonPositiveInteger"}, {"type":"literal", "datatype":"http://www.w3.org/2001/XMLSchema#nonPositiveInteger", "value":"0"}]
[{"type":"uri", "value":"http://example.org/default"}, {"type":"uri", "value":"http://www.w3.org/2001/XMLSchema#normalizedString"}, {"type":"literal", "datatype":"http://www.w3.org/2001/XMLSchema#normalizedString", "value":"normalizedString"}]
[{"type":"uri", "value":"http://example.org/default"}, {"type":"uri", "value":"http://www.w3.org/2001/XMLSchema#positiveInteger"}, {"type":"literal", "datatype":"http://www.w3.org/2001/XMLSchema#positiveInteger", "value":"1"}]
[{"type":"uri", "value":"http://example.org/default"}, {"type":"uri", "value":"http://www.w3.org/2001/XMLSchema#positiveInteger"}, {"type":"literal", "datatype":"http://www.w3.org/2001/XMLSchema#positiveInteger", "value":"36893488147419103230"}]
[{"type":"uri", "value":"http://example.org/default"}, {"type":"uri", "value":"http://www.w3.org/2001/XMLSchema#short"}, {"type":"literal", "datatype":"http://www.w3.org/2001/XMLSchema#short", "value":"-32768"}]
[{"type":"uri", "value":"http://example.org/default"}, {"type":"uri", "value":"http://www.w3.org/2001/XMLSchema#short"}, {"type":"literal", "datatype":"http://www.w3.org/2001/XMLSchema#short", "value":"32767"}]
[{"type":"uri", "value":"http://example.org/default"}, {"type":"uri", "value":"http://www.w3.org/2001/XMLSchema#string"}, {"type":"literal", "datatype":"http://www.w3.org/2001/XMLSchema#string", "value":"a string"}]
[{"type":"uri", "value":"http://example.org/default"}, {"type":"uri", "value":"http://www.w3.org/2001/XMLSchema#string"}, {"type":"literal", "datatype":"http://www.w3.org/2001/XMLSchema#string", "value":"string with backspace (\b)"}]
[{"type":"uri", "value":"http://example.org/default"}, {"type":"uri", "value":"http://www.w3.org/2001/XMLSchema#string"}, {"type":"literal", "datatype":"http://www.w3.org/2001/XMLSchema#string", "value":"string with comma (,)"}]
[{"type":"uri", "value":"http://example.org/default"}, {"type":"uri", "value":"http://www.w3.org/2001/XMLSchema#string"}, {"type":"literal", "datatype":"http://www.w3.org/2001/XMLSchema#string", "value":"string with cr (\r)"}]
[{"type":"uri", "value":"http://example.org/default"}, {"type":"uri", "value":"http://www.w3.org/2001/XMLSchema#string"}, {"type":"literal", "datatype":"http://www.w3.org/2001/XMLSchema#string", "value":"string with crlf (\n\r)"}]
[{"type":"uri", "value":"http://example.org/default"}, {"type":"uri", "value":"http://www.w3.org/2001/XMLSchema#string"}, {"type":"literal", "datatype":"http://www.w3.org/2001/XMLSchema#string", "value":"string with crlf (\n\r), comma (,), and double quote (\")"}]
[{"type":"uri", "value":"http://example.org/default"}, {"type":"uri", "value":"http://www.w3.org/2001/XMLSchema#string"}, {"type":"literal", "datatype":"http://www.w3.org/2001/XMLSchema#string", "value":"string with double quote: (\")"}]
[{"type":"uri", "value":"http://example.org/default"}, {"type":"uri", "value":"http://www.w3.org/2001/XMLSchema#string"}, {"type":"literal", "datatype":"http://www.w3.org/2001/XMLSchema#string", "value":"string with formfeed (\f)"}]
[{"type":"uri", "value":"http://example.org/default"}, {"type":"uri", "value":"http://www.w3.org/2001/XMLSchema#string"}, {"type":"literal", "datatype":"http://www.w3.org/2001/XMLSchema#string", "value":"string with lf (\n)"}]
[{"type":"uri", "value":"http://example.org/default"}, {"type":"uri", "value":"http://www.w3.org/2001/XMLSchema#string"}, {"type":"literal", "datatype":"http://www.w3.org/2001/XMLSchema#string", "value":"string with tab (\t)"}]
[{"type":"uri", "value":"http://example.org/default"}, {"type":"uri", "value":"http://www.w3.org/2001/XMLSchema#time"}, {"type":"literal", "datatype":"http://www.w3.org/2001/XMLSchema#time", "value":"00:00:00.001"}]
[{"type":"uri", "value":"http://example.org/default"}, {"type":"uri", "value":"http://www.w3.org/2001/XMLSchema#time"}, {"type":"literal", "datatype":"http://www.w3.org/2001/XMLSchema#time", "value":"23:23:59.999"}]
[{"type":"uri", "value":"http://example.org/default"}, {"type":"uri", "value":"http://www.w3.org/2001/XMLSchema#token"}, {"type":"literal", "datatype":"http://www.w3.org/2001/XMLSchema#token", "value":"token"}]
[{"type":"uri", "value":"http://example.org/default"}, {"type":"uri", "value":"http://www.w3.org/2001/XMLSchema#unsignedByte"}, {"type":"literal", "datatype":"http://www.w3.org/2001/XMLSchema#unsignedByte", "value":"0"}]
[{"type":"uri", "value":"http://example.org/default"}, {"type":"uri", "value":"http://www.w3.org/2001/XMLSchema#unsignedByte"}, {"type":"literal", "datatype":"http://www.w3.org/2001/XMLSchema#unsignedByte", "value":"255"}]
[{"type":"uri", "value":"http://example.org/default"}, {"type":"uri", "value":"http://www.w3.org/2001/XMLSchema#unsignedInt"}, {"type":"literal", "datatype":"http://www.w3.org/2001/XMLSchema#unsignedInt", "value":"0"}]
[{"type":"uri", "value":"http://example.org/default"}, {"type":"uri", "value":"http://www.w3.org/2001/XMLSchema#unsignedInt"}, {"type":"literal", "datatype":"http://www.w3.org/2001/XMLSchema#unsignedInt", "value":"4294967295"}]
[{"type":"uri", "value":"http://example.org/default"}, {"type":"uri", "value":"http://www.w3.org/2001/XMLSchema#unsignedLong"}, {"type":"literal", "datatype":"http://www.w3.org/2001/XMLSchema#unsignedLong", "value":"0"}]
[{"type":"uri", "value":"http://example.org/default"}, {"type":"uri", "value":"http://www.w3.org/2001/XMLSchema#unsignedLong"}, {"type":"literal", "datatype":"http://www.w3.org/2001/XMLSchema#unsignedLong", "value":"18446744073709551615"}]
[{"type":"uri", "value":"http://example.org/default"}, {"type":"uri", "value":"http://www.w3.org/2001/XMLSchema#unsignedShort"}, {"type":"literal", "datatype":"http://www.w3.org/2001/XMLSchema#unsignedShort", "value":"0"}]
[{"type":"uri", "value":"http://example.org/default"}, {"type":"uri", "value":"http://www.w3.org/2001/XMLSchema#unsignedShort"}, {"type":"literal", "datatype":"http://www.w3.org/2001/XMLSchema#unsignedShort", "value":"65535"}]
[{"type":"uri", "value":"http://example.org/default"}, {"type":"uri", "value":"http://www.w3.org/2001/XMLSchema#yearMonthDuration"}, {"type":"literal", "datatype":"http://www.w3.org/2001/XMLSchema#yearMonthDuration", "value":"-P10Y1M"}]
[{"type":"uri", "value":"http://example.org/default"}, {"type":"uri", "value":"http://www.w3.org/2001/XMLSchema#yearMonthDuration"}, {"type":"literal", "datatype":"http://www.w3.org/2001/XMLSchema#yearMonthDuration", "value":"P10Y1M"}]
[{"type":"uri", "value":"http://example.org/subject"}, {"type":"uri", "value":"http://example.org/predicate"}, {"type":"bnode", "value":"object"}]
[{"type":"uri", "value":"http://example.org/subject"}, {"type":"uri", "value":"http://example.org/predicate"}, {"type":"uri", "value":"http://example.org/object"}]
[{"type":"uri", "value":"http://example.org/subject"}, {"type":"uri", "value":"http://example.org/predicate"}, {"type":"literal", "datatype":"http://www.w3.org/2001/XMLSchema#string", "value":"a string"}]
[{"type":"uri", "value":"http://example.org/subject"}, {"type":"uri", "value":"http://example.org/predicate"}, {"type":"literal", "datatype":"http://www.w3.org/2001/XMLSchema#integer", "value":"1"}]
