{ "head": { "vars": [ "s", "p", "o" ] },
   "results": {
   "bindings": [
 { "s": {"type":"bnode", "value":"subject"},
     "p": {"type":"uri", "value":"http://example.org/predicate"},
     "o": {"type":"bnode", "value":"object"} },
 { "s": {"type":"bnode", "value":"subject"},
     "p": {"type":"uri", "value":"http://example.org/predicate"},
     "o": {"type":"uri", "value":"http://example.org/object"} },
 { "s": {"type":"bnode", "value":"subject"},
     "p": {"type":"uri", "value":"http://example.org/predicate"},
     "o": {"type":"literal", "value":"a string"} },
 { "s": {"type":"bnode", "value":"subject"},
     "p": {"type":"uri", "value":"http://example.org/predicate"},
     "o": {"type":"literal", "datatype":"http://www.w3.org/2001/XMLSchema#integer", "value":"1"} },
 { "s": {"type":"uri", "value":"http://example.org/default"},
     "p": {"type":"uri", "value":"http://example.org/special"},
     "o": {"type":"literal", "datatype":"http://example.org/special", "value":"special string with comma (,)"} },
 { "s": {"type":"uri", "value":"http://example.org/default"},
     "p": {"type":"uri", "value":"http://www.w3.org/2001/XMLSchema#NCName"},
     "o": {"type":"literal", "datatype":"http://www.w3.org/2001/XMLSchema#NCName", "value":"NCName"} },
 { "s": {"type":"uri", "value":"http://example.org/default"},
     "p": {"type":"uri", "value":"http://www.w3.org/2001/XMLSchema#NMTOKEN"},
     "o": {"type":"literal", "datatype":"http://www.w3.org/2001/XMLSchema#NMTOKEN", "value":"NMTOKEN"} },
 { "s": {"type":"uri", "value":"http://example.org/default"},
     "p": {"type":"uri", "value":"http://www.w3.org/2001/XMLSchema#Name"},
     "o": {"type":"literal", "datatype":"http://www.w3.org/2001/XMLSchema#Name", "value":"Name"} },
 { "s": {"type":"uri", "value":"http://example.org/default"},
     "p": {"type":"uri", "value":"http://www.w3.org/2001/XMLSchema#anyURI"},
     "o": {"type":"literal", "datatype":"http://www.w3.org/2001/XMLSchema#anyURI", "value":"http://www.w3.org/2001/XMLSchema#"} },
 { "s": {"type":"uri", "value":"http://example.org/default"},
     "p": {"type":"uri", "value":"http://www.w3.org/2001/XMLSchema#base64Binary"},
     "o": {"type":"literal", "datatype":"http://www.w3.org/2001/XMLSchema#base64Binary", "value":"0F+40A=="} },
 { "s": {"type":"uri", "value":"http://example.org/default"},
     "p": {"type":"uri", "value":"http://www.w3.org/2001/XMLSchema#boolean"},
     "o": {"type":"literal", "datatype":"http://www.w3.org/2001/XMLSchema#boolean", "value":"false"} },
 { "s": {"type":"uri", "value":"http://example.org/default"},
     "p": {"type":"uri", "value":"http://www.w3.org/2001/XMLSchema#boolean"},
     "o": {"type":"literal", "datatype":"http://www.w3.org/2001/XMLSchema#boolean", "value":"true"} },
 { "s": {"type":"uri", "value":"http://example.org/default"},
     "p": {"type":"uri", "value":"http://www.w3.org/2001/XMLSchema#byte"},
     "o": {"type":"literal", "datatype":"http://www.w3.org/2001/XMLSchema#byte", "value":"-128"} },
 { "s": {"type":"uri", "value":"http://example.org/default"},
     "p": {"type":"uri", "value":"http://www.w3.org/2001/XMLSchema#byte"},
     "o": {"type":"literal", "datatype":"http://www.w3.org/2001/XMLSchema#byte", "value":"127"} },
 { "s": {"type":"uri", "value":"http://example.org/default"},
     "p": {"type":"uri", "value":"http://www.w3.org/2001/XMLSchema#date"},
     "o": {"type":"literal", "datatype":"http://www.w3.org/2001/XMLSchema#date", "value":"-2014-01-01"} },
 { "s": {"type":"uri", "value":"http://example.org/default"},
     "p": {"type":"uri", "value":"http://www.w3.org/2001/XMLSchema#date"},
     "o": {"type":"literal", "datatype":"http://www.w3.org/2001/XMLSchema#date", "value":"2014-01-01"} },
 { "s": {"type":"uri", "value":"http://example.org/default"},
     "p": {"type":"uri", "value":"http://www.w3.org/2001/XMLSchema#dateTime"},
     "o": {"type":"literal", "datatype":"http://www.w3.org/2001/XMLSchema#dateTime", "value":"2099-12-31T23:23:59.999"} },
 { "s": {"type":"uri", "value":"http://example.org/default"},
     "p": {"type":"uri", "value":"http://www.w3.org/2001/XMLSchema#dateTime"},
     "o": {"type":"literal", "datatype":"http://www.w3.org/2001/XMLSchema#dateTime", "value":"0001-00-00T00:00:00.001"} },
 { "s": {"type":"uri", "value":"http://example.org/default"},
     "p": {"type":"uri", "value":"http://www.w3.org/2001/XMLSchema#dayTimeDuration"},
     "o": {"type":"literal", "datatype":"http://www.w3.org/2001/XMLSchema#dayTimeDuration", "value":"-P31DT23H59M59S"} },
 { "s": {"type":"uri", "value":"http://example.org/default"},
     "p": {"type":"uri", "value":"http://www.w3.org/2001/XMLSchema#dayTimeDuration"},
     "o": {"type":"literal", "datatype":"http://www.w3.org/2001/XMLSchema#dayTimeDuration", "value":"P31DT23H59M59S"} },
 { "s": {"type":"uri", "value":"http://example.org/default"},
     "p": {"type":"uri", "value":"http://www.w3.org/2001/XMLSchema#decimal"},
     "o": {"type":"literal", "datatype":"http://www.w3.org/2001/XMLSchema#decimal", "value":"-1.1"} },
 { "s": {"type":"uri", "value":"http://example.org/default"},
     "p": {"type":"uri", "value":"http://www.w3.org/2001/XMLSchema#decimal"},
     "o": {"type":"literal", "datatype":"http://www.w3.org/2001/XMLSchema#decimal", "value":"1.1"} },
 { "s": {"type":"uri", "value":"http://example.org/default"},
     "p": {"type":"uri", "value":"http://www.w3.org/2001/XMLSchema#double"},
     "o": {"type":"literal", "datatype":"http://www.w3.org/2001/XMLSchema#double", "value":"-1.0"} },
 { "s": {"type":"uri", "value":"http://example.org/default"},
     "p": {"type":"uri", "value":"http://www.w3.org/2001/XMLSchema#double"},
     "o": {"type":"literal", "datatype":"http://www.w3.org/2001/XMLSchema#double", "value":"0.0"} },
 { "s": {"type":"uri", "value":"http://example.org/default"},
     "p": {"type":"uri", "value":"http://www.w3.org/2001/XMLSchema#double"},
     "o": {"type":"literal", "datatype":"http://www.w3.org/2001/XMLSchema#double", "value":"1.0"} },
 { "s": {"type":"uri", "value":"http://example.org/default"},
     "p": {"type":"uri", "value":"http://www.w3.org/2001/XMLSchema#float"},
     "o": {"type":"literal", "datatype":"http://www.w3.org/2001/XMLSchema#float", "value":"-1.0"} },
 { "s": {"type":"uri", "value":"http://example.org/default"},
     "p": {"type":"uri", "value":"http://www.w3.org/2001/XMLSchema#float"},
     "o": {"type":"literal", "datatype":"http://www.w3.org/2001/XMLSchema#float", "value":"0.0"} },
 { "s": {"type":"uri", "value":"http://example.org/default"},
     "p": {"type":"uri", "value":"http://www.w3.org/2001/XMLSchema#float"},
     "o": {"type":"literal", "datatype":"http://www.w3.org/2001/XMLSchema#float", "value":"1.0"} },
 { "s": {"type":"uri", "value":"http://example.org/default"},
     "p": {"type":"uri", "value":"http://www.w3.org/2001/XMLSchema#gDay"},
     "o": {"type":"literal", "datatype":"http://www.w3.org/2001/XMLSchema#gDay", "value":"---01"} },
 { "s": {"type":"uri", "value":"http://example.org/default"},
     "p": {"type":"uri", "value":"http://www.w3.org/2001/XMLSchema#gDay"},
     "o": {"type":"literal", "datatype":"http://www.w3.org/2001/XMLSchema#gDay", "value":"---31"} },
 { "s": {"type":"uri", "value":"http://example.org/default"},
     "p": {"type":"uri", "value":"http://www.w3.org/2001/XMLSchema#gMonth"},
     "o": {"type":"literal", "datatype":"http://www.w3.org/2001/XMLSchema#gMonth", "value":"--01"} },
 { "s": {"type":"uri", "value":"http://example.org/default"},
     "p": {"type":"uri", "value":"http://www.w3.org/2001/XMLSchema#gMonth"},
     "o": {"type":"literal", "datatype":"http://www.w3.org/2001/XMLSchema#gMonth", "value":"--12"} },
 { "s": {"type":"uri", "value":"http://example.org/default"},
     "p": {"type":"uri", "value":"http://www.w3.org/2001/XMLSchema#gMonthDay"},
     "o": {"type":"literal", "datatype":"http://www.w3.org/2001/XMLSchema#gMonthDay", "value":"--01-01"} },
 { "s": {"type":"uri", "value":"http://example.org/default"},
     "p": {"type":"uri", "value":"http://www.w3.org/2001/XMLSchema#gMonthDay"},
     "o": {"type":"literal", "datatype":"http://www.w3.org/2001/XMLSchema#gMonthDay", "value":"--12-31"} },
 { "s": {"type":"uri", "value":"http://example.org/default"},
     "p": {"type":"uri", "value":"http://www.w3.org/2001/XMLSchema#gYear"},
     "o": {"type":"literal", "datatype":"http://www.w3.org/2001/XMLSchema#gYear", "value":"2099-12-31T23:23:59.999"} },
 { "s": {"type":"uri", "value":"http://example.org/default"},
     "p": {"type":"uri", "value":"http://www.w3.org/2001/XMLSchema#gYear"},
     "o": {"type":"literal", "datatype":"http://www.w3.org/2001/XMLSchema#gYear", "value":"0001-00-00T00:00:00.001"} },
 { "s": {"type":"uri", "value":"http://example.org/default"},
     "p": {"type":"uri", "value":"http://www.w3.org/2001/XMLSchema#gYearMonth"},
     "o": {"type":"literal", "datatype":"http://www.w3.org/2001/XMLSchema#gYearMonth", "value":"0001-01"} },
 { "s": {"type":"uri", "value":"http://example.org/default"},
     "p": {"type":"uri", "value":"http://www.w3.org/2001/XMLSchema#gYearMonth"},
     "o": {"type":"literal", "datatype":"http://www.w3.org/2001/XMLSchema#gYearMonth", "value":"2099-12"} },
 { "s": {"type":"uri", "value":"http://example.org/default"},
     "p": {"type":"uri", "value":"http://www.w3.org/2001/XMLSchema#hexBinary"},
     "o": {"type":"literal", "datatype":"http://www.w3.org/2001/XMLSchema#hexBinary", "value":"0123456789abcdef"} },
 { "s": {"type":"uri", "value":"http://example.org/default"},
     "p": {"type":"uri", "value":"http://www.w3.org/2001/XMLSchema#int"},
     "o": {"type":"literal", "datatype":"http://www.w3.org/2001/XMLSchema#int", "value":"-2147483648"} },
 { "s": {"type":"uri", "value":"http://example.org/default"},
     "p": {"type":"uri", "value":"http://www.w3.org/2001/XMLSchema#int"},
     "o": {"type":"literal", "datatype":"http://www.w3.org/2001/XMLSchema#int", "value":"2147483647"} },
 { "s": {"type":"uri", "value":"http://example.org/default"},
     "p": {"type":"uri", "value":"http://www.w3.org/2001/XMLSchema#integer"},
     "o": {"type":"literal", "datatype":"http://www.w3.org/2001/XMLSchema#integer", "value":"-10"} },
 { "s": {"type":"uri", "value":"http://example.org/default"},
     "p": {"type":"uri", "value":"http://www.w3.org/2001/XMLSchema#integer"},
     "o": {"type":"literal", "datatype":"http://www.w3.org/2001/XMLSchema#integer", "value":"0"} },
 { "s": {"type":"uri", "value":"http://example.org/default"},
     "p": {"type":"uri", "value":"http://www.w3.org/2001/XMLSchema#integer"},
     "o": {"type":"literal", "datatype":"http://www.w3.org/2001/XMLSchema#integer", "value":"10"} },
 { "s": {"type":"uri", "value":"http://example.org/default"},
     "p": {"type":"uri", "value":"http://www.w3.org/2001/XMLSchema#language"},
     "o": {"type":"literal", "datatype":"http://www.w3.org/2001/XMLSchema#language", "value":"en"} },
 { "s": {"type":"uri", "value":"http://example.org/default"},
     "p": {"type":"uri", "value":"http://www.w3.org/2001/XMLSchema#long"},
     "o": {"type":"literal", "datatype":"http://www.w3.org/2001/XMLSchema#long", "value":"-9223372036854775808"} },
 { "s": {"type":"uri", "value":"http://example.org/default"},
     "p": {"type":"uri", "value":"http://www.w3.org/2001/XMLSchema#long"},
     "o": {"type":"literal", "datatype":"http://www.w3.org/2001/XMLSchema#long", "value":"9223372036854775807"} },
 { "s": {"type":"uri", "value":"http://example.org/default"},
     "p": {"type":"uri", "value":"http://www.w3.org/2001/XMLSchema#negativeInteger"},
     "o": {"type":"literal", "datatype":"http://www.w3.org/2001/XMLSchema#negativeInteger", "value":"-36893488147419103230"} },
 { "s": {"type":"uri", "value":"http://example.org/default"},
     "p": {"type":"uri", "value":"http://www.w3.org/2001/XMLSchema#negativeInteger"},
     "o": {"type":"literal", "datatype":"http://www.w3.org/2001/XMLSchema#negativeInteger", "value":"-1"} },
 { "s": {"type":"uri", "value":"http://example.org/default"},
     "p": {"type":"uri", "value":"http://www.w3.org/2001/XMLSchema#nonNegativeInteger"},
     "o": {"type":"literal", "datatype":"http://www.w3.org/2001/XMLSchema#nonNegativeInteger", "value":"0"} },
 { "s": {"type":"uri", "value":"http://example.org/default"},
     "p": {"type":"uri", "value":"http://www.w3.org/2001/XMLSchema#nonNegativeInteger"},
     "o": {"type":"literal", "datatype":"http://www.w3.org/2001/XMLSchema#nonNegativeInteger", "value":"36893488147419103230"} },
 { "s": {"type":"uri", "value":"http://example.org/default"},
     "p": {"type":"uri", "value":"http://www.w3.org/2001/XMLSchema#nonPositiveInteger"},
     "o": {"type":"literal", "datatype":"http://www.w3.org/2001/XMLSchema#nonPositiveInteger", "value":"-36893488147419103230"} },
 { "s": {"type":"uri", "value":"http://example.org/default"},
     "p": {"type":"uri", "value":"http://www.w3.org/2001/XMLSchema#nonPositiveInteger"},
     "o": {"type":"literal", "datatype":"http://www.w3.org/2001/XMLSchema#nonPositiveInteger", "value":"0"} },
 { "s": {"type":"uri", "value":"http://example.org/default"},
     "p": {"type":"uri", "value":"http://www.w3.org/2001/XMLSchema#normalizedString"},
     "o": {"type":"literal", "datatype":"http://www.w3.org/2001/XMLSchema#normalizedString", "value":"normalizedString"} },
 { "s": {"type":"uri", "value":"http://example.org/default"},
     "p": {"type":"uri", "value":"http://www.w3.org/2001/XMLSchema#positiveInteger"},
     "o": {"type":"literal", "datatype":"http://www.w3.org/2001/XMLSchema#positiveInteger", "value":"1"} },
 { "s": {"type":"uri", "value":"http://example.org/default"},
     "p": {"type":"uri", "value":"http://www.w3.org/2001/XMLSchema#positiveInteger"},
     "o": {"type":"literal", "datatype":"http://www.w3.org/2001/XMLSchema#positiveInteger", "value":"36893488147419103230"} },
 { "s": {"type":"uri", "value":"http://example.org/default"},
     "p": {"type":"uri", "value":"http://www.w3.org/2001/XMLSchema#short"},
     "o": {"type":"literal", "datatype":"http://www.w3.org/2001/XMLSchema#short", "value":"-32768"} },
 { "s": {"type":"uri", "value":"http://example.org/default"},
     "p": {"type":"uri", "value":"http://www.w3.org/2001/XMLSchema#short"},
     "o": {"type":"literal", "datatype":"http://www.w3.org/2001/XMLSchema#short", "value":"32767"} },
 { "s": {"type":"uri", "value":"http://example.org/default"},
     "p": {"type":"uri", "value":"http://www.w3.org/2001/XMLSchema#string"},
     "o": {"type":"literal", "value":"a string"} },
 { "s": {"type":"uri", "value":"http://example.org/default"},
     "p": {"type":"uri", "value":"http://www.w3.org/2001/XMLSchema#string"},
     "o": {"type":"literal", "datatype":"http://www.w3.org/2001/XMLSchema#string", "value":"string with backspace (\b)"} },
 { "s": {"type":"uri", "value":"http://example.org/default"},
     "p": {"type":"uri", "value":"http://www.w3.org/2001/XMLSchema#string"},
     "o": {"type":"literal", "datatype":"http://www.w3.org/2001/XMLSchema#string", "value":"string with comma (,)"} },
 { "s": {"type":"uri", "value":"http://example.org/default"},
     "p": {"type":"uri", "value":"http://www.w3.org/2001/XMLSchema#string"},
     "o": {"type":"literal", "datatype":"http://www.w3.org/2001/XMLSchema#string", "value":"string with cr (\r)"} },
 { "s": {"type":"uri", "value":"http://example.org/default"},
     "p": {"type":"uri", "value":"http://www.w3.org/2001/XMLSchema#string"},
     "o": {"type":"literal", "datatype":"http://www.w3.org/2001/XMLSchema#string", "value":"string with crlf (\n\r)"} },
 { "s": {"type":"uri", "value":"http://example.org/default"},
     "p": {"type":"uri", "value":"http://www.w3.org/2001/XMLSchema#string"},
     "o": {"type":"literal", "datatype":"http://www.w3.org/2001/XMLSchema#string", "value":"string with crlf (\n\r), comma (,), and double quote (\")"} },
 { "s": {"type":"uri", "value":"http://example.org/default"},
     "p": {"type":"uri", "value":"http://www.w3.org/2001/XMLSchema#string"},
     "o": {"type":"literal", "datatype":"http://www.w3.org/2001/XMLSchema#string", "value":"string with double quote: (\")"} },
 { "s": {"type":"uri", "value":"http://example.org/default"},
     "p": {"type":"uri", "value":"http://www.w3.org/2001/XMLSchema#string"},
     "o": {"type":"literal", "datatype":"http://www.w3.org/2001/XMLSchema#string", "value":"string with formfeed (\f)"} },
 { "s": {"type":"uri", "value":"http://example.org/default"},
     "p": {"type":"uri", "value":"http://www.w3.org/2001/XMLSchema#string"},
     "o": {"type":"literal", "datatype":"http://www.w3.org/2001/XMLSchema#string", "value":"string with lf (\n)"} },
 { "s": {"type":"uri", "value":"http://example.org/default"},
     "p": {"type":"uri", "value":"http://www.w3.org/2001/XMLSchema#string"},
     "o": {"type":"literal", "datatype":"http://www.w3.org/2001/XMLSchema#string", "value":"string with tab (\t)"} },
 { "s": {"type":"uri", "value":"http://example.org/default"},
     "p": {"type":"uri", "value":"http://www.w3.org/2001/XMLSchema#time"},
     "o": {"type":"literal", "datatype":"http://www.w3.org/2001/XMLSchema#time", "value":"00:00:00.001"} },
 { "s": {"type":"uri", "value":"http://example.org/default"},
     "p": {"type":"uri", "value":"http://www.w3.org/2001/XMLSchema#time"},
     "o": {"type":"literal", "datatype":"http://www.w3.org/2001/XMLSchema#time", "value":"23:23:59.999"} },
 { "s": {"type":"uri", "value":"http://example.org/default"},
     "p": {"type":"uri", "value":"http://www.w3.org/2001/XMLSchema#token"},
     "o": {"type":"literal", "datatype":"http://www.w3.org/2001/XMLSchema#token", "value":"token"} },
 { "s": {"type":"uri", "value":"http://example.org/default"},
     "p": {"type":"uri", "value":"http://www.w3.org/2001/XMLSchema#unsignedByte"},
     "o": {"type":"literal", "datatype":"http://www.w3.org/2001/XMLSchema#unsignedByte", "value":"0"} },
 { "s": {"type":"uri", "value":"http://example.org/default"},
     "p": {"type":"uri", "value":"http://www.w3.org/2001/XMLSchema#unsignedByte"},
     "o": {"type":"literal", "datatype":"http://www.w3.org/2001/XMLSchema#unsignedByte", "value":"255"} },
 { "s": {"type":"uri", "value":"http://example.org/default"},
     "p": {"type":"uri", "value":"http://www.w3.org/2001/XMLSchema#unsignedInt"},
     "o": {"type":"literal", "datatype":"http://www.w3.org/2001/XMLSchema#unsignedInt", "value":"0"} },
 { "s": {"type":"uri", "value":"http://example.org/default"},
     "p": {"type":"uri", "value":"http://www.w3.org/2001/XMLSchema#unsignedInt"},
     "o": {"type":"literal", "datatype":"http://www.w3.org/2001/XMLSchema#unsignedInt", "value":"4294967295"} },
 { "s": {"type":"uri", "value":"http://example.org/default"},
     "p": {"type":"uri", "value":"http://www.w3.org/2001/XMLSchema#unsignedLong"},
     "o": {"type":"literal", "datatype":"http://www.w3.org/2001/XMLSchema#unsignedLong", "value":"0"} },
 { "s": {"type":"uri", "value":"http://example.org/default"},
     "p": {"type":"uri", "value":"http://www.w3.org/2001/XMLSchema#unsignedLong"},
     "o": {"type":"literal", "datatype":"http://www.w3.org/2001/XMLSchema#unsignedLong", "value":"18446744073709551615"} },
 { "s": {"type":"uri", "value":"http://example.org/default"},
     "p": {"type":"uri", "value":"http://www.w3.org/2001/XMLSchema#unsignedShort"},
     "o": {"type":"literal", "datatype":"http://www.w3.org/2001/XMLSchema#unsignedShort", "value":"0"} },
 { "s": {"type":"uri", "value":"http://example.org/default"},
     "p": {"type":"uri", "value":"http://www.w3.org/2001/XMLSchema#unsignedShort"},
     "o": {"type":"literal", "datatype":"http://www.w3.org/2001/XMLSchema#unsignedShort", "value":"65535"} },
 { "s": {"type":"uri", "value":"http://example.org/default"},
     "p": {"type":"uri", "value":"http://www.w3.org/2001/XMLSchema#yearMonthDuration"},
     "o": {"type":"literal", "datatype":"http://www.w3.org/2001/XMLSchema#yearMonthDuration", "value":"-P10Y1M"} },
 { "s": {"type":"uri", "value":"http://example.org/default"},
     "p": {"type":"uri", "value":"http://www.w3.org/2001/XMLSchema#yearMonthDuration"},
     "o": {"type":"literal", "datatype":"http://www.w3.org/2001/XMLSchema#yearMonthDuration", "value":"P10Y1M"} },
 { "s": {"type":"uri", "value":"http://example.org/subject"},
     "p": {"type":"uri", "value":"http://example.org/predicate"},
     "o": {"type":"bnode", "value":"object"} },
 { "s": {"type":"uri", "value":"http://example.org/subject"},
     "p": {"type":"uri", "value":"http://example.org/predicate"},
     "o": {"type":"uri", "value":"http://example.org/object"} },
 { "s": {"type":"uri", "value":"http://example.org/subject"},
     "p": {"type":"uri", "value":"http://example.org/predicate"},
     "o": {"type":"literal", "value":"a string"} },
 { "s": {"type":"uri", "value":"http://example.org/subject"},
     "p": {"type":"uri", "value":"http://example.org/predicate"},
     "o": {"type":"literal", "datatype":"http://www.w3.org/2001/XMLSchema#integer", "value":"1"} } ] } }
