[
 {"s": "subject", "p": "http://example.org/predicate", "o": "object" },
 {"s": "subject", "p": "http://example.org/predicate", "o": "http://example.org/object" },
 {"s": "subject", "p": "http://example.org/predicate", "o": "a string" },
 {"s": "subject", "p": "http://example.org/predicate", "o": 1 },
 {"s": "http://example.org/default", "p": "http://www.w3.org/2001/XMLSchema#NCName", "o": "NCName" },
 {"s": "http://example.org/default", "p": "http://www.w3.org/2001/XMLSchema#NMTOKEN", "o": "NMTOKEN" },
 {"s": "http://example.org/default", "p": "http://www.w3.org/2001/XMLSchema#Name", "o": "Name" },
 {"s": "http://example.org/default", "p": "http://www.w3.org/2001/XMLSchema#anyURI", "o": "http://www.w3.org/2001/XMLSchema#" },
 {"s": "http://example.org/default", "p": "http://www.w3.org/2001/XMLSchema#base64Binary", "o": "0F+40A==" },
 {"s": "http://example.org/default", "p": "http://www.w3.org/2001/XMLSchema#boolean", "o": false },
 {"s": "http://example.org/default", "p": "http://www.w3.org/2001/XMLSchema#boolean", "o": true },
 {"s": "http://example.org/default", "p": "http://www.w3.org/2001/XMLSchema#byte", "o": "-128" },
 {"s": "http://example.org/default", "p": "http://www.w3.org/2001/XMLSchema#byte", "o": "127" },
 {"s": "http://example.org/default", "p": "http://www.w3.org/2001/XMLSchema#date", "o": "-2014-01-01" },
 {"s": "http://example.org/default", "p": "http://www.w3.org/2001/XMLSchema#date", "o": "#S(SPOCQ:DATE
   :ID NIL
   :LEXICAL-FORM NIL
   :TIMELINE-LOCATION 1388534400000000
   :ZONE 0
   :YEAR NIL
   :MONTH NIL
   :DAY NIL
   :HOUR NIL
   :MINUTE NIL)" },
 {"s": "http://example.org/default", "p": "http://www.w3.org/2001/XMLSchema#dateTime", "o": "2099-12-31T23:23:59.999" },
 {"s": "http://example.org/default", "p": "http://www.w3.org/2001/XMLSchema#dateTime", "o": "0001-00-00T00:00:00.001" },
 {"s": "http://example.org/default", "p": "http://www.w3.org/2001/XMLSchema#dayTimeDuration", "o": "-P31DT23H59M59S" },
 {"s": "http://example.org/default", "p": "http://www.w3.org/2001/XMLSchema#dayTimeDuration", "o": "P31DT23H59M59S" },
 {"s": "http://example.org/default", "p": "http://www.w3.org/2001/XMLSchema#decimal", "o": -1.1 },
 {"s": "http://example.org/default", "p": "http://www.w3.org/2001/XMLSchema#decimal", "o": 1.1 },
 {"s": "http://example.org/default", "p": "http://www.w3.org/2001/XMLSchema#double", "o": -1.0 },
 {"s": "http://example.org/default", "p": "http://www.w3.org/2001/XMLSchema#double", "o": 0.0 },
 {"s": "http://example.org/default", "p": "http://www.w3.org/2001/XMLSchema#double", "o": 1.0 },
 {"s": "http://example.org/default", "p": "http://www.w3.org/2001/XMLSchema#float", "o": -1.0 },
 {"s": "http://example.org/default", "p": "http://www.w3.org/2001/XMLSchema#float", "o": 0.0 },
 {"s": "http://example.org/default", "p": "http://www.w3.org/2001/XMLSchema#float", "o": 1.0 },
 {"s": "http://example.org/default", "p": "http://www.w3.org/2001/XMLSchema#gDay", "o": "---31" },
 {"s": "http://example.org/default", "p": "http://www.w3.org/2001/XMLSchema#gDay", "o": "---01" },
 {"s": "http://example.org/default", "p": "http://www.w3.org/2001/XMLSchema#gMonth", "o": "--01" },
 {"s": "http://example.org/default", "p": "http://www.w3.org/2001/XMLSchema#gMonth", "o": "--12" },
 {"s": "http://example.org/default", "p": "http://www.w3.org/2001/XMLSchema#gMonthDay", "o": "--12-31" },
 {"s": "http://example.org/default", "p": "http://www.w3.org/2001/XMLSchema#gMonthDay", "o": "--01-01" },
 {"s": "http://example.org/default", "p": "http://www.w3.org/2001/XMLSchema#gYear", "o": "2099-12-31T23:23:59.999" },
 {"s": "http://example.org/default", "p": "http://www.w3.org/2001/XMLSchema#gYear", "o": "0001-00-00T00:00:00.001" },
 {"s": "http://example.org/default", "p": "http://www.w3.org/2001/XMLSchema#gYearMonth", "o": "2099-12" },
 {"s": "http://example.org/default", "p": "http://www.w3.org/2001/XMLSchema#gYearMonth", "o": "0001-00" },
 {"s": "http://example.org/default", "p": "http://www.w3.org/2001/XMLSchema#hexBinary", "o": "0123456789abcdef" },
 {"s": "http://example.org/default", "p": "http://www.w3.org/2001/XMLSchema#int", "o": "-2147483648" },
 {"s": "http://example.org/default", "p": "http://www.w3.org/2001/XMLSchema#int", "o": "2147483647" },
 {"s": "http://example.org/default", "p": "http://www.w3.org/2001/XMLSchema#integer", "o": -1 },
 {"s": "http://example.org/default", "p": "http://www.w3.org/2001/XMLSchema#integer", "o": 0 },
 {"s": "http://example.org/default", "p": "http://www.w3.org/2001/XMLSchema#integer", "o": 1 },
 {"s": "http://example.org/default", "p": "http://www.w3.org/2001/XMLSchema#language", "o": "en" },
 {"s": "http://example.org/default", "p": "http://www.w3.org/2001/XMLSchema#long", "o": "-9223372036854775808" },
 {"s": "http://example.org/default", "p": "http://www.w3.org/2001/XMLSchema#long", "o": "9223372036854775807" },
 {"s": "http://example.org/default", "p": "http://www.w3.org/2001/XMLSchema#negativeInteger", "o": "-36893488147419103230" },
 {"s": "http://example.org/default", "p": "http://www.w3.org/2001/XMLSchema#negativeInteger", "o": "-1" },
 {"s": "http://example.org/default", "p": "http://www.w3.org/2001/XMLSchema#nonNegativeInteger", "o": "0" },
 {"s": "http://example.org/default", "p": "http://www.w3.org/2001/XMLSchema#nonNegativeInteger", "o": "36893488147419103230" },
 {"s": "http://example.org/default", "p": "http://www.w3.org/2001/XMLSchema#nonPositiveInteger", "o": "-36893488147419103230" },
 {"s": "http://example.org/default", "p": "http://www.w3.org/2001/XMLSchema#nonPositiveInteger", "o": "0" },
 {"s": "http://example.org/default", "p": "http://www.w3.org/2001/XMLSchema#normalizedString", "o": "normalizedString" },
 {"s": "http://example.org/default", "p": "http://www.w3.org/2001/XMLSchema#positiveInteger", "o": "1" },
 {"s": "http://example.org/default", "p": "http://www.w3.org/2001/XMLSchema#positiveInteger", "o": "36893488147419103230" },
 {"s": "http://example.org/default", "p": "http://www.w3.org/2001/XMLSchema#short", "o": "-32768" },
 {"s": "http://example.org/default", "p": "http://www.w3.org/2001/XMLSchema#short", "o": "32767" },
 {"s": "http://example.org/default", "p": "http://www.w3.org/2001/XMLSchema#string", "o": "a string" },
 {"s": "http://example.org/default", "p": "http://www.w3.org/2001/XMLSchema#time", "o": "00:00:00.001" },
 {"s": "http://example.org/default", "p": "http://www.w3.org/2001/XMLSchema#time", "o": "23:23:59.999" },
 {"s": "http://example.org/default", "p": "http://www.w3.org/2001/XMLSchema#token", "o": "token" },
 {"s": "http://example.org/default", "p": "http://www.w3.org/2001/XMLSchema#unsignedByte", "o": "0" },
 {"s": "http://example.org/default", "p": "http://www.w3.org/2001/XMLSchema#unsignedByte", "o": "255" },
 {"s": "http://example.org/default", "p": "http://www.w3.org/2001/XMLSchema#unsignedInt", "o": "0" },
 {"s": "http://example.org/default", "p": "http://www.w3.org/2001/XMLSchema#unsignedInt", "o": "4294967295" },
 {"s": "http://example.org/default", "p": "http://www.w3.org/2001/XMLSchema#unsignedLong", "o": "0" },
 {"s": "http://example.org/default", "p": "http://www.w3.org/2001/XMLSchema#unsignedLong", "o": "18446744073709551615" },
 {"s": "http://example.org/default", "p": "http://www.w3.org/2001/XMLSchema#unsignedShort", "o": "0" },
 {"s": "http://example.org/default", "p": "http://www.w3.org/2001/XMLSchema#unsignedShort", "o": "65535" },
 {"s": "http://example.org/default", "p": "http://www.w3.org/2001/XMLSchema#yearMonthDuration", "o": "-P10Y1M" },
 {"s": "http://example.org/default", "p": "http://www.w3.org/2001/XMLSchema#yearMonthDuration", "o": "P10Y1M" },
 {"s": "http://example.org/subject", "p": "http://example.org/predicate", "o": "object" },
 {"s": "http://example.org/subject", "p": "http://example.org/predicate", "o": "http://example.org/object" },
 {"s": "http://example.org/subject", "p": "http://example.org/predicate", "o": "a string" },
 {"s": "http://example.org/subject", "p": "http://example.org/predicate", "o": 1 } ]
