<trix xmlns='http://www.w3.org/2004/03/trix/trix-1/'>
 <graph>
  <uri>urn:dydra:default</uri>
  <triple>
   <id>subject</id>
   <uri>http://example.org/predicate</uri>
   <id>object</id>
  </triple>
  <triple>
   <id>subject</id>
   <uri>http://example.org/predicate</uri>
   <uri>http://example.org/object</uri>
  </triple>
  <triple>
   <id>subject</id>
   <uri>http://example.org/predicate</uri>
   <typedLiteral datatype="http://www.w3.org/2001/XMLSchema#string">a string</typedLiteral>
  </triple>
  <triple>
   <id>subject</id>
   <uri>http://example.org/predicate</uri>
   <typedLiteral datatype="http://www.w3.org/2001/XMLSchema#integer">1</typedLiteral>
  </triple>
  <triple>
   <uri>http://example.org/default</uri>
   <uri>http://example.org/special</uri>
   <typedLiteral datatype="http://example.org/special">special string with comma (,)</typedLiteral>
  </triple>
  <triple>
   <uri>http://example.org/default</uri>
   <uri>http://www.w3.org/2001/XMLSchema#NCName</uri>
   <typedLiteral datatype="http://www.w3.org/2001/XMLSchema#NCName">NCName</typedLiteral>
  </triple>
  <triple>
   <uri>http://example.org/default</uri>
   <uri>http://www.w3.org/2001/XMLSchema#NMTOKEN</uri>
   <typedLiteral datatype="http://www.w3.org/2001/XMLSchema#NMTOKEN">NMTOKEN</typedLiteral>
  </triple>
  <triple>
   <uri>http://example.org/default</uri>
   <uri>http://www.w3.org/2001/XMLSchema#Name</uri>
   <typedLiteral datatype="http://www.w3.org/2001/XMLSchema#Name">Name</typedLiteral>
  </triple>
  <triple>
   <uri>http://example.org/default</uri>
   <uri>http://www.w3.org/2001/XMLSchema#anyURI</uri>
   <typedLiteral datatype="http://www.w3.org/2001/XMLSchema#anyURI">http://www.w3.org/2001/XMLSchema#</typedLiteral>
  </triple>
  <triple>
   <uri>http://example.org/default</uri>
   <uri>http://www.w3.org/2001/XMLSchema#base64Binary</uri>
   <typedLiteral datatype="http://www.w3.org/2001/XMLSchema#base64Binary">0F+40A==</typedLiteral>
  </triple>
  <triple>
   <uri>http://example.org/default</uri>
   <uri>http://www.w3.org/2001/XMLSchema#boolean</uri>
   <typedLiteral datatype="http://www.w3.org/2001/XMLSchema#boolean">false</typedLiteral>
  </triple>
  <triple>
   <uri>http://example.org/default</uri>
   <uri>http://www.w3.org/2001/XMLSchema#boolean</uri>
   <typedLiteral datatype="http://www.w3.org/2001/XMLSchema#boolean">true</typedLiteral>
  </triple>
  <triple>
   <uri>http://example.org/default</uri>
   <uri>http://www.w3.org/2001/XMLSchema#byte</uri>
   <typedLiteral datatype="http://www.w3.org/2001/XMLSchema#byte">-128</typedLiteral>
  </triple>
  <triple>
   <uri>http://example.org/default</uri>
   <uri>http://www.w3.org/2001/XMLSchema#byte</uri>
   <typedLiteral datatype="http://www.w3.org/2001/XMLSchema#byte">127</typedLiteral>
  </triple>
  <triple>
   <uri>http://example.org/default</uri>
   <uri>http://www.w3.org/2001/XMLSchema#date</uri>
   <typedLiteral datatype="http://www.w3.org/2001/XMLSchema#date">-2014-01-01</typedLiteral>
  </triple>
  <triple>
   <uri>http://example.org/default</uri>
   <uri>http://www.w3.org/2001/XMLSchema#date</uri>
   <typedLiteral datatype="http://www.w3.org/2001/XMLSchema#date">2014-01-01</typedLiteral>
  </triple>
  <triple>
   <uri>http://example.org/default</uri>
   <uri>http://www.w3.org/2001/XMLSchema#dateTime</uri>
   <typedLiteral datatype="http://www.w3.org/2001/XMLSchema#dateTime">2099-12-31T23:23:59.999</typedLiteral>
  </triple>
  <triple>
   <uri>http://example.org/default</uri>
   <uri>http://www.w3.org/2001/XMLSchema#dateTime</uri>
   <typedLiteral datatype="http://www.w3.org/2001/XMLSchema#dateTime">0001-00-00T00:00:00.001</typedLiteral>
  </triple>
  <triple>
   <uri>http://example.org/default</uri>
   <uri>http://www.w3.org/2001/XMLSchema#dayTimeDuration</uri>
   <typedLiteral datatype="http://www.w3.org/2001/XMLSchema#dayTimeDuration">-P31DT23H59M59S</typedLiteral>
  </triple>
  <triple>
   <uri>http://example.org/default</uri>
   <uri>http://www.w3.org/2001/XMLSchema#dayTimeDuration</uri>
   <typedLiteral datatype="http://www.w3.org/2001/XMLSchema#dayTimeDuration">P31DT23H59M59S</typedLiteral>
  </triple>
  <triple>
   <uri>http://example.org/default</uri>
   <uri>http://www.w3.org/2001/XMLSchema#decimal</uri>
   <typedLiteral datatype="http://www.w3.org/2001/XMLSchema#decimal">-1.1</typedLiteral>
  </triple>
  <triple>
   <uri>http://example.org/default</uri>
   <uri>http://www.w3.org/2001/XMLSchema#decimal</uri>
   <typedLiteral datatype="http://www.w3.org/2001/XMLSchema#decimal">1.1</typedLiteral>
  </triple>
  <triple>
   <uri>http://example.org/default</uri>
   <uri>http://www.w3.org/2001/XMLSchema#double</uri>
   <typedLiteral datatype="http://www.w3.org/2001/XMLSchema#double">-1.0</typedLiteral>
  </triple>
  <triple>
   <uri>http://example.org/default</uri>
   <uri>http://www.w3.org/2001/XMLSchema#double</uri>
   <typedLiteral datatype="http://www.w3.org/2001/XMLSchema#double">0.0</typedLiteral>
  </triple>
  <triple>
   <uri>http://example.org/default</uri>
   <uri>http://www.w3.org/2001/XMLSchema#double</uri>
   <typedLiteral datatype="http://www.w3.org/2001/XMLSchema#double">1.0</typedLiteral>
  </triple>
  <triple>
   <uri>http://example.org/default</uri>
   <uri>http://www.w3.org/2001/XMLSchema#float</uri>
   <typedLiteral datatype="http://www.w3.org/2001/XMLSchema#float">-1.0</typedLiteral>
  </triple>
  <triple>
   <uri>http://example.org/default</uri>
   <uri>http://www.w3.org/2001/XMLSchema#float</uri>
   <typedLiteral datatype="http://www.w3.org/2001/XMLSchema#float">0.0</typedLiteral>
  </triple>
  <triple>
   <uri>http://example.org/default</uri>
   <uri>http://www.w3.org/2001/XMLSchema#float</uri>
   <typedLiteral datatype="http://www.w3.org/2001/XMLSchema#float">1.0</typedLiteral>
  </triple>
  <triple>
   <uri>http://example.org/default</uri>
   <uri>http://www.w3.org/2001/XMLSchema#gDay</uri>
   <typedLiteral datatype="http://www.w3.org/2001/XMLSchema#gDay">---01</typedLiteral>
  </triple>
  <triple>
   <uri>http://example.org/default</uri>
   <uri>http://www.w3.org/2001/XMLSchema#gDay</uri>
   <typedLiteral datatype="http://www.w3.org/2001/XMLSchema#gDay">---31</typedLiteral>
  </triple>
  <triple>
   <uri>http://example.org/default</uri>
   <uri>http://www.w3.org/2001/XMLSchema#gMonth</uri>
   <typedLiteral datatype="http://www.w3.org/2001/XMLSchema#gMonth">--01</typedLiteral>
  </triple>
  <triple>
   <uri>http://example.org/default</uri>
   <uri>http://www.w3.org/2001/XMLSchema#gMonth</uri>
   <typedLiteral datatype="http://www.w3.org/2001/XMLSchema#gMonth">--12</typedLiteral>
  </triple>
  <triple>
   <uri>http://example.org/default</uri>
   <uri>http://www.w3.org/2001/XMLSchema#gMonthDay</uri>
   <typedLiteral datatype="http://www.w3.org/2001/XMLSchema#gMonthDay">--01-01</typedLiteral>
  </triple>
  <triple>
   <uri>http://example.org/default</uri>
   <uri>http://www.w3.org/2001/XMLSchema#gMonthDay</uri>
   <typedLiteral datatype="http://www.w3.org/2001/XMLSchema#gMonthDay">--12-31</typedLiteral>
  </triple>
  <triple>
   <uri>http://example.org/default</uri>
   <uri>http://www.w3.org/2001/XMLSchema#gYear</uri>
   <typedLiteral datatype="http://www.w3.org/2001/XMLSchema#gYear">2099-12-31T23:23:59.999</typedLiteral>
  </triple>
  <triple>
   <uri>http://example.org/default</uri>
   <uri>http://www.w3.org/2001/XMLSchema#gYear</uri>
   <typedLiteral datatype="http://www.w3.org/2001/XMLSchema#gYear">0001-00-00T00:00:00.001</typedLiteral>
  </triple>
  <triple>
   <uri>http://example.org/default</uri>
   <uri>http://www.w3.org/2001/XMLSchema#gYearMonth</uri>
   <typedLiteral datatype="http://www.w3.org/2001/XMLSchema#gYearMonth">0001-01</typedLiteral>
  </triple>
  <triple>
   <uri>http://example.org/default</uri>
   <uri>http://www.w3.org/2001/XMLSchema#gYearMonth</uri>
   <typedLiteral datatype="http://www.w3.org/2001/XMLSchema#gYearMonth">2099-12</typedLiteral>
  </triple>
  <triple>
   <uri>http://example.org/default</uri>
   <uri>http://www.w3.org/2001/XMLSchema#hexBinary</uri>
   <typedLiteral datatype="http://www.w3.org/2001/XMLSchema#hexBinary">0123456789abcdef</typedLiteral>
  </triple>
  <triple>
   <uri>http://example.org/default</uri>
   <uri>http://www.w3.org/2001/XMLSchema#int</uri>
   <typedLiteral datatype="http://www.w3.org/2001/XMLSchema#int">-2147483648</typedLiteral>
  </triple>
  <triple>
   <uri>http://example.org/default</uri>
   <uri>http://www.w3.org/2001/XMLSchema#int</uri>
   <typedLiteral datatype="http://www.w3.org/2001/XMLSchema#int">2147483647</typedLiteral>
  </triple>
  <triple>
   <uri>http://example.org/default</uri>
   <uri>http://www.w3.org/2001/XMLSchema#integer</uri>
   <typedLiteral datatype="http://www.w3.org/2001/XMLSchema#integer">-10</typedLiteral>
  </triple>
  <triple>
   <uri>http://example.org/default</uri>
   <uri>http://www.w3.org/2001/XMLSchema#integer</uri>
   <typedLiteral datatype="http://www.w3.org/2001/XMLSchema#integer">0</typedLiteral>
  </triple>
  <triple>
   <uri>http://example.org/default</uri>
   <uri>http://www.w3.org/2001/XMLSchema#integer</uri>
   <typedLiteral datatype="http://www.w3.org/2001/XMLSchema#integer">10</typedLiteral>
  </triple>
  <triple>
   <uri>http://example.org/default</uri>
   <uri>http://www.w3.org/2001/XMLSchema#language</uri>
   <typedLiteral datatype="http://www.w3.org/2001/XMLSchema#language">en</typedLiteral>
  </triple>
  <triple>
   <uri>http://example.org/default</uri>
   <uri>http://www.w3.org/2001/XMLSchema#long</uri>
   <typedLiteral datatype="http://www.w3.org/2001/XMLSchema#long">-9223372036854775808</typedLiteral>
  </triple>
  <triple>
   <uri>http://example.org/default</uri>
   <uri>http://www.w3.org/2001/XMLSchema#long</uri>
   <typedLiteral datatype="http://www.w3.org/2001/XMLSchema#long">9223372036854775807</typedLiteral>
  </triple>
  <triple>
   <uri>http://example.org/default</uri>
   <uri>http://www.w3.org/2001/XMLSchema#negativeInteger</uri>
   <typedLiteral datatype="http://www.w3.org/2001/XMLSchema#negativeInteger">-36893488147419103230</typedLiteral>
  </triple>
  <triple>
   <uri>http://example.org/default</uri>
   <uri>http://www.w3.org/2001/XMLSchema#negativeInteger</uri>
   <typedLiteral datatype="http://www.w3.org/2001/XMLSchema#negativeInteger">-1</typedLiteral>
  </triple>
  <triple>
   <uri>http://example.org/default</uri>
   <uri>http://www.w3.org/2001/XMLSchema#nonNegativeInteger</uri>
   <typedLiteral datatype="http://www.w3.org/2001/XMLSchema#nonNegativeInteger">0</typedLiteral>
  </triple>
  <triple>
   <uri>http://example.org/default</uri>
   <uri>http://www.w3.org/2001/XMLSchema#nonNegativeInteger</uri>
   <typedLiteral datatype="http://www.w3.org/2001/XMLSchema#nonNegativeInteger">36893488147419103230</typedLiteral>
  </triple>
  <triple>
   <uri>http://example.org/default</uri>
   <uri>http://www.w3.org/2001/XMLSchema#nonPositiveInteger</uri>
   <typedLiteral datatype="http://www.w3.org/2001/XMLSchema#nonPositiveInteger">-36893488147419103230</typedLiteral>
  </triple>
  <triple>
   <uri>http://example.org/default</uri>
   <uri>http://www.w3.org/2001/XMLSchema#nonPositiveInteger</uri>
   <typedLiteral datatype="http://www.w3.org/2001/XMLSchema#nonPositiveInteger">0</typedLiteral>
  </triple>
  <triple>
   <uri>http://example.org/default</uri>
   <uri>http://www.w3.org/2001/XMLSchema#normalizedString</uri>
   <typedLiteral datatype="http://www.w3.org/2001/XMLSchema#normalizedString">normalizedString</typedLiteral>
  </triple>
  <triple>
   <uri>http://example.org/default</uri>
   <uri>http://www.w3.org/2001/XMLSchema#positiveInteger</uri>
   <typedLiteral datatype="http://www.w3.org/2001/XMLSchema#positiveInteger">1</typedLiteral>
  </triple>
  <triple>
   <uri>http://example.org/default</uri>
   <uri>http://www.w3.org/2001/XMLSchema#positiveInteger</uri>
   <typedLiteral datatype="http://www.w3.org/2001/XMLSchema#positiveInteger">36893488147419103230</typedLiteral>
  </triple>
  <triple>
   <uri>http://example.org/default</uri>
   <uri>http://www.w3.org/2001/XMLSchema#short</uri>
   <typedLiteral datatype="http://www.w3.org/2001/XMLSchema#short">-32768</typedLiteral>
  </triple>
  <triple>
   <uri>http://example.org/default</uri>
   <uri>http://www.w3.org/2001/XMLSchema#short</uri>
   <typedLiteral datatype="http://www.w3.org/2001/XMLSchema#short">32767</typedLiteral>
  </triple>
  <triple>
   <uri>http://example.org/default</uri>
   <uri>http://www.w3.org/2001/XMLSchema#string</uri>
   <typedLiteral datatype="http://www.w3.org/2001/XMLSchema#string">a string</typedLiteral>
  </triple>
  <triple>
   <uri>http://example.org/default</uri>
   <uri>http://www.w3.org/2001/XMLSchema#string</uri>
   <typedLiteral datatype="http://www.w3.org/2001/XMLSchema#string">string with backspace (\u0008)</typedLiteral>
  </triple>
  <triple>
   <uri>http://example.org/default</uri>
   <uri>http://www.w3.org/2001/XMLSchema#string</uri>
   <typedLiteral datatype="http://www.w3.org/2001/XMLSchema#string">string with comma (,)</typedLiteral>
  </triple>
  <triple>
   <uri>http://example.org/default</uri>
   <uri>http://www.w3.org/2001/XMLSchema#string</uri>
   <typedLiteral datatype="http://www.w3.org/2001/XMLSchema#string">string with cr (\u000D)</typedLiteral>
  </triple>
  <triple>
   <uri>http://example.org/default</uri>
   <uri>http://www.w3.org/2001/XMLSchema#string</uri>
   <typedLiteral datatype="http://www.w3.org/2001/XMLSchema#string">string with crlf (\u000A\u000D)</typedLiteral>
  </triple>
  <triple>
   <uri>http://example.org/default</uri>
   <uri>http://www.w3.org/2001/XMLSchema#string</uri>
   <typedLiteral datatype="http://www.w3.org/2001/XMLSchema#string">string with crlf (\u000A\u000D), comma (,), and double quote (\u0022)</typedLiteral>
  </triple>
  <triple>
   <uri>http://example.org/default</uri>
   <uri>http://www.w3.org/2001/XMLSchema#string</uri>
   <typedLiteral datatype="http://www.w3.org/2001/XMLSchema#string">string with double quote: (\u0022)</typedLiteral>
  </triple>
  <triple>
   <uri>http://example.org/default</uri>
   <uri>http://www.w3.org/2001/XMLSchema#string</uri>
   <typedLiteral datatype="http://www.w3.org/2001/XMLSchema#string">string with formfeed (\u000C)</typedLiteral>
  </triple>
  <triple>
   <uri>http://example.org/default</uri>
   <uri>http://www.w3.org/2001/XMLSchema#string</uri>
   <typedLiteral datatype="http://www.w3.org/2001/XMLSchema#string">string with lf (\u000A)</typedLiteral>
  </triple>
  <triple>
   <uri>http://example.org/default</uri>
   <uri>http://www.w3.org/2001/XMLSchema#string</uri>
   <typedLiteral datatype="http://www.w3.org/2001/XMLSchema#string">string with tab (\u0009)</typedLiteral>
  </triple>
  <triple>
   <uri>http://example.org/default</uri>
   <uri>http://www.w3.org/2001/XMLSchema#time</uri>
   <typedLiteral datatype="http://www.w3.org/2001/XMLSchema#time">00:00:00.001</typedLiteral>
  </triple>
  <triple>
   <uri>http://example.org/default</uri>
   <uri>http://www.w3.org/2001/XMLSchema#time</uri>
   <typedLiteral datatype="http://www.w3.org/2001/XMLSchema#time">23:23:59.999</typedLiteral>
  </triple>
  <triple>
   <uri>http://example.org/default</uri>
   <uri>http://www.w3.org/2001/XMLSchema#token</uri>
   <typedLiteral datatype="http://www.w3.org/2001/XMLSchema#token">token</typedLiteral>
  </triple>
  <triple>
   <uri>http://example.org/default</uri>
   <uri>http://www.w3.org/2001/XMLSchema#unsignedByte</uri>
   <typedLiteral datatype="http://www.w3.org/2001/XMLSchema#unsignedByte">0</typedLiteral>
  </triple>
  <triple>
   <uri>http://example.org/default</uri>
   <uri>http://www.w3.org/2001/XMLSchema#unsignedByte</uri>
   <typedLiteral datatype="http://www.w3.org/2001/XMLSchema#unsignedByte">255</typedLiteral>
  </triple>
  <triple>
   <uri>http://example.org/default</uri>
   <uri>http://www.w3.org/2001/XMLSchema#unsignedInt</uri>
   <typedLiteral datatype="http://www.w3.org/2001/XMLSchema#unsignedInt">0</typedLiteral>
  </triple>
  <triple>
   <uri>http://example.org/default</uri>
   <uri>http://www.w3.org/2001/XMLSchema#unsignedInt</uri>
   <typedLiteral datatype="http://www.w3.org/2001/XMLSchema#unsignedInt">4294967295</typedLiteral>
  </triple>
  <triple>
   <uri>http://example.org/default</uri>
   <uri>http://www.w3.org/2001/XMLSchema#unsignedLong</uri>
   <typedLiteral datatype="http://www.w3.org/2001/XMLSchema#unsignedLong">0</typedLiteral>
  </triple>
  <triple>
   <uri>http://example.org/default</uri>
   <uri>http://www.w3.org/2001/XMLSchema#unsignedLong</uri>
   <typedLiteral datatype="http://www.w3.org/2001/XMLSchema#unsignedLong">18446744073709551615</typedLiteral>
  </triple>
  <triple>
   <uri>http://example.org/default</uri>
   <uri>http://www.w3.org/2001/XMLSchema#unsignedShort</uri>
   <typedLiteral datatype="http://www.w3.org/2001/XMLSchema#unsignedShort">0</typedLiteral>
  </triple>
  <triple>
   <uri>http://example.org/default</uri>
   <uri>http://www.w3.org/2001/XMLSchema#unsignedShort</uri>
   <typedLiteral datatype="http://www.w3.org/2001/XMLSchema#unsignedShort">65535</typedLiteral>
  </triple>
  <triple>
   <uri>http://example.org/default</uri>
   <uri>http://www.w3.org/2001/XMLSchema#yearMonthDuration</uri>
   <typedLiteral datatype="http://www.w3.org/2001/XMLSchema#yearMonthDuration">-P10Y1M</typedLiteral>
  </triple>
  <triple>
   <uri>http://example.org/default</uri>
   <uri>http://www.w3.org/2001/XMLSchema#yearMonthDuration</uri>
   <typedLiteral datatype="http://www.w3.org/2001/XMLSchema#yearMonthDuration">P10Y1M</typedLiteral>
  </triple>
  <triple>
   <uri>http://example.org/subject</uri>
   <uri>http://example.org/predicate</uri>
   <id>object</id>
  </triple>
  <triple>
   <uri>http://example.org/subject</uri>
   <uri>http://example.org/predicate</uri>
   <uri>http://example.org/object</uri>
  </triple>
  <triple>
   <uri>http://example.org/subject</uri>
   <uri>http://example.org/predicate</uri>
   <typedLiteral datatype="http://www.w3.org/2001/XMLSchema#string">a string</typedLiteral>
  </triple>
  <triple>
   <uri>http://example.org/subject</uri>
   <uri>http://example.org/predicate</uri>
   <typedLiteral datatype="http://www.w3.org/2001/XMLSchema#integer">1</typedLiteral>
  </triple>
 </graph>
</trix>
