[{"type":"uri", "value":"http://example.org/graph"}, {"type":"literal", "datatype":"http://www.w3.org/2001/XMLSchema#integer", "value":"1"}, {"type":"uri", "value":"http://example.org/predicate"}, {"type":"uri", "value":"http://example.org/subject"}]
[{"type":"uri", "value":"http://example.org/graph"}, {"type":"uri", "value":"http://example.org/object"}, {"type":"uri", "value":"http://example.org/predicate"}, {"type":"uri", "value":"http://example.org/subject"}]
[{"type":"uri", "value":"http://example.org/graph"}, {"type":"literal", "datatype":"http://www.w3.org/2001/XMLSchema#string", "value":"a string"}, {"type":"uri", "value":"http://example.org/predicate"}, {"type":"uri", "value":"http://example.org/subject"}]
[{"type":"uri", "value":"http://example.org/graph"}, {"type":"bnode", "value":"object"}, {"type":"uri", "value":"http://example.org/predicate"}, {"type":"uri", "value":"http://example.org/subject"}]
[{"type":"uri", "value":"http://example.org/graph"}, {"type":"literal", "datatype":"http://www.w3.org/2001/XMLSchema#integer", "value":"1"}, {"type":"uri", "value":"http://example.org/predicate"}, {"type":"bnode", "value":"subject"}]
[{"type":"uri", "value":"http://example.org/graph"}, {"type":"uri", "value":"http://example.org/object"}, {"type":"uri", "value":"http://example.org/predicate"}, {"type":"bnode", "value":"subject"}]
[{"type":"uri", "value":"http://example.org/graph"}, {"type":"literal", "datatype":"http://www.w3.org/2001/XMLSchema#string", "value":"a string"}, {"type":"uri", "value":"http://example.org/predicate"}, {"type":"bnode", "value":"subject"}]
[{"type":"uri", "value":"http://example.org/graph"}, {"type":"bnode", "value":"object"}, {"type":"uri", "value":"http://example.org/predicate"}, {"type":"bnode", "value":"subject"}]
[{}, {"type":"literal", "datatype":"http://www.w3.org/2001/XMLSchema#dayTimeDuration", "value":"-P31DT23H59M59S"}, {"type":"uri", "value":"http://www.w3.org/2001/XMLSchema#dayTimeDuration"}, {"type":"uri", "value":"http://example.org/default"}]
[{}, {"type":"literal", "datatype":"http://www.w3.org/2001/XMLSchema#dayTimeDuration", "value":"P31DT23H59M59S"}, {"type":"uri", "value":"http://www.w3.org/2001/XMLSchema#dayTimeDuration"}, {"type":"uri", "value":"http://example.org/default"}]
[{}, {"type":"literal", "datatype":"http://www.w3.org/2001/XMLSchema#float", "value":"0.0"}, {"type":"uri", "value":"http://www.w3.org/2001/XMLSchema#float"}, {"type":"uri", "value":"http://example.org/default"}]
[{}, {"type":"literal", "datatype":"http://www.w3.org/2001/XMLSchema#float", "value":"1.0"}, {"type":"uri", "value":"http://www.w3.org/2001/XMLSchema#float"}, {"type":"uri", "value":"http://example.org/default"}]
[{}, {"type":"literal", "datatype":"http://www.w3.org/2001/XMLSchema#float", "value":"-1.0"}, {"type":"uri", "value":"http://www.w3.org/2001/XMLSchema#float"}, {"type":"uri", "value":"http://example.org/default"}]
[{}, {"type":"literal", "datatype":"http://www.w3.org/2001/XMLSchema#string", "value":"a string"}, {"type":"uri", "value":"http://www.w3.org/2001/XMLSchema#string"}, {"type":"uri", "value":"http://example.org/default"}]
[{}, {"type":"literal", "datatype":"http://www.w3.org/2001/XMLSchema#normalizedString", "value":"normalizedString"}, {"type":"uri", "value":"http://www.w3.org/2001/XMLSchema#normalizedString"}, {"type":"uri", "value":"http://example.org/default"}]
[{}, {"type":"literal", "datatype":"http://www.w3.org/2001/XMLSchema#nonPositiveInteger", "value":"0"}, {"type":"uri", "value":"http://www.w3.org/2001/XMLSchema#nonPositiveInteger"}, {"type":"uri", "value":"http://example.org/default"}]
[{}, {"type":"literal", "datatype":"http://www.w3.org/2001/XMLSchema#nonPositiveInteger", "value":"-36893488147419103230"}, {"type":"uri", "value":"http://www.w3.org/2001/XMLSchema#nonPositiveInteger"}, {"type":"uri", "value":"http://example.org/default"}]
[{}, {"type":"literal", "datatype":"http://www.w3.org/2001/XMLSchema#long", "value":"-9223372036854775808"}, {"type":"uri", "value":"http://www.w3.org/2001/XMLSchema#long"}, {"type":"uri", "value":"http://example.org/default"}]
[{}, {"type":"literal", "datatype":"http://www.w3.org/2001/XMLSchema#long", "value":"9223372036854775807"}, {"type":"uri", "value":"http://www.w3.org/2001/XMLSchema#long"}, {"type":"uri", "value":"http://example.org/default"}]
[{}, {"type":"literal", "datatype":"http://www.w3.org/2001/XMLSchema#gYear", "value":"0001-00-00T00:00:00.001"}, {"type":"uri", "value":"http://www.w3.org/2001/XMLSchema#gYear"}, {"type":"uri", "value":"http://example.org/default"}]
[{}, {"type":"literal", "datatype":"http://www.w3.org/2001/XMLSchema#gYear", "value":"2099-12-31T23:23:59.999"}, {"type":"uri", "value":"http://www.w3.org/2001/XMLSchema#gYear"}, {"type":"uri", "value":"http://example.org/default"}]
[{}, {"type":"literal", "datatype":"http://www.w3.org/2001/XMLSchema#language", "value":"en"}, {"type":"uri", "value":"http://www.w3.org/2001/XMLSchema#language"}, {"type":"uri", "value":"http://example.org/default"}]
[{}, {"type":"literal", "datatype":"http://www.w3.org/2001/XMLSchema#unsignedInt", "value":"0"}, {"type":"uri", "value":"http://www.w3.org/2001/XMLSchema#unsignedInt"}, {"type":"uri", "value":"http://example.org/default"}]
[{}, {"type":"literal", "datatype":"http://www.w3.org/2001/XMLSchema#unsignedInt", "value":"4294967295"}, {"type":"uri", "value":"http://www.w3.org/2001/XMLSchema#unsignedInt"}, {"type":"uri", "value":"http://example.org/default"}]
[{}, {"type":"literal", "datatype":"http://www.w3.org/2001/XMLSchema#yearMonthDuration", "value":"P10Y1M"}, {"type":"uri", "value":"http://www.w3.org/2001/XMLSchema#yearMonthDuration"}, {"type":"uri", "value":"http://example.org/default"}]
[{}, {"type":"literal", "datatype":"http://www.w3.org/2001/XMLSchema#yearMonthDuration", "value":"-P10Y1M"}, {"type":"uri", "value":"http://www.w3.org/2001/XMLSchema#yearMonthDuration"}, {"type":"uri", "value":"http://example.org/default"}]
[{}, {"type":"literal", "datatype":"http://www.w3.org/2001/XMLSchema#anyURI", "value":"http://www.w3.org/2001/XMLSchema#"}, {"type":"uri", "value":"http://www.w3.org/2001/XMLSchema#anyURI"}, {"type":"uri", "value":"http://example.org/default"}]
[{}, {"type":"literal", "datatype":"http://www.w3.org/2001/XMLSchema#Name", "value":"Name"}, {"type":"uri", "value":"http://www.w3.org/2001/XMLSchema#Name"}, {"type":"uri", "value":"http://example.org/default"}]
[{}, {"type":"literal", "datatype":"http://www.w3.org/2001/XMLSchema#token", "value":"token"}, {"type":"uri", "value":"http://www.w3.org/2001/XMLSchema#token"}, {"type":"uri", "value":"http://example.org/default"}]
[{}, {"type":"literal", "datatype":"http://www.w3.org/2001/XMLSchema#int", "value":"-2147483648"}, {"type":"uri", "value":"http://www.w3.org/2001/XMLSchema#int"}, {"type":"uri", "value":"http://example.org/default"}]
[{}, {"type":"literal", "datatype":"http://www.w3.org/2001/XMLSchema#int", "value":"2147483647"}, {"type":"uri", "value":"http://www.w3.org/2001/XMLSchema#int"}, {"type":"uri", "value":"http://example.org/default"}]
[{}, {"type":"literal", "datatype":"http://www.w3.org/2001/XMLSchema#unsignedLong", "value":"0"}, {"type":"uri", "value":"http://www.w3.org/2001/XMLSchema#unsignedLong"}, {"type":"uri", "value":"http://example.org/default"}]
[{}, {"type":"literal", "datatype":"http://www.w3.org/2001/XMLSchema#unsignedLong", "value":"18446744073709551615"}, {"type":"uri", "value":"http://www.w3.org/2001/XMLSchema#unsignedLong"}, {"type":"uri", "value":"http://example.org/default"}]
[{}, {"type":"literal", "datatype":"http://www.w3.org/2001/XMLSchema#double", "value":"0.0"}, {"type":"uri", "value":"http://www.w3.org/2001/XMLSchema#double"}, {"type":"uri", "value":"http://example.org/default"}]
[{}, {"type":"literal", "datatype":"http://www.w3.org/2001/XMLSchema#double", "value":"1.0"}, {"type":"uri", "value":"http://www.w3.org/2001/XMLSchema#double"}, {"type":"uri", "value":"http://example.org/default"}]
[{}, {"type":"literal", "datatype":"http://www.w3.org/2001/XMLSchema#double", "value":"-1.0"}, {"type":"uri", "value":"http://www.w3.org/2001/XMLSchema#double"}, {"type":"uri", "value":"http://example.org/default"}]
[{}, {"type":"literal", "datatype":"http://www.w3.org/2001/XMLSchema#decimal", "value":"1.1"}, {"type":"uri", "value":"http://www.w3.org/2001/XMLSchema#decimal"}, {"type":"uri", "value":"http://example.org/default"}]
[{}, {"type":"literal", "datatype":"http://www.w3.org/2001/XMLSchema#decimal", "value":"-1.1"}, {"type":"uri", "value":"http://www.w3.org/2001/XMLSchema#decimal"}, {"type":"uri", "value":"http://example.org/default"}]
[{}, {"type":"literal", "datatype":"http://www.w3.org/2001/XMLSchema#byte", "value":"-128"}, {"type":"uri", "value":"http://www.w3.org/2001/XMLSchema#byte"}, {"type":"uri", "value":"http://example.org/default"}]
[{}, {"type":"literal", "datatype":"http://www.w3.org/2001/XMLSchema#byte", "value":"127"}, {"type":"uri", "value":"http://www.w3.org/2001/XMLSchema#byte"}, {"type":"uri", "value":"http://example.org/default"}]
[{}, {"type":"literal", "datatype":"http://www.w3.org/2001/XMLSchema#date", "value":"2014-01-01"}, {"type":"uri", "value":"http://www.w3.org/2001/XMLSchema#date"}, {"type":"uri", "value":"http://example.org/default"}]
[{}, {"type":"literal", "datatype":"http://www.w3.org/2001/XMLSchema#date", "value":"-2014-01-01"}, {"type":"uri", "value":"http://www.w3.org/2001/XMLSchema#date"}, {"type":"uri", "value":"http://example.org/default"}]
[{}, {"type":"literal", "datatype":"http://www.w3.org/2001/XMLSchema#base64Binary", "value":"0F+40A=="}, {"type":"uri", "value":"http://www.w3.org/2001/XMLSchema#base64Binary"}, {"type":"uri", "value":"http://example.org/default"}]
[{}, {"type":"literal", "datatype":"http://www.w3.org/2001/XMLSchema#NMTOKEN", "value":"NMTOKEN"}, {"type":"uri", "value":"http://www.w3.org/2001/XMLSchema#NMTOKEN"}, {"type":"uri", "value":"http://example.org/default"}]
[{}, {"type":"literal", "datatype":"http://www.w3.org/2001/XMLSchema#negativeInteger", "value":"-1"}, {"type":"uri", "value":"http://www.w3.org/2001/XMLSchema#negativeInteger"}, {"type":"uri", "value":"http://example.org/default"}]
[{}, {"type":"literal", "datatype":"http://www.w3.org/2001/XMLSchema#negativeInteger", "value":"-36893488147419103230"}, {"type":"uri", "value":"http://www.w3.org/2001/XMLSchema#negativeInteger"}, {"type":"uri", "value":"http://example.org/default"}]
[{}, {"type":"literal", "datatype":"http://www.w3.org/2001/XMLSchema#nonNegativeInteger", "value":"0"}, {"type":"uri", "value":"http://www.w3.org/2001/XMLSchema#nonNegativeInteger"}, {"type":"uri", "value":"http://example.org/default"}]
[{}, {"type":"literal", "datatype":"http://www.w3.org/2001/XMLSchema#nonNegativeInteger", "value":"36893488147419103230"}, {"type":"uri", "value":"http://www.w3.org/2001/XMLSchema#nonNegativeInteger"}, {"type":"uri", "value":"http://example.org/default"}]
[{}, {"type":"literal", "datatype":"http://www.w3.org/2001/XMLSchema#time", "value":"00:00:00.001"}, {"type":"uri", "value":"http://www.w3.org/2001/XMLSchema#time"}, {"type":"uri", "value":"http://example.org/default"}]
[{}, {"type":"literal", "datatype":"http://www.w3.org/2001/XMLSchema#time", "value":"23:23:59.999"}, {"type":"uri", "value":"http://www.w3.org/2001/XMLSchema#time"}, {"type":"uri", "value":"http://example.org/default"}]
[{}, {"type":"literal", "datatype":"http://www.w3.org/2001/XMLSchema#dateTime", "value":"0001-00-00T00:00:00.001"}, {"type":"uri", "value":"http://www.w3.org/2001/XMLSchema#dateTime"}, {"type":"uri", "value":"http://example.org/default"}]
[{}, {"type":"literal", "datatype":"http://www.w3.org/2001/XMLSchema#dateTime", "value":"2099-12-31T23:23:59.999"}, {"type":"uri", "value":"http://www.w3.org/2001/XMLSchema#dateTime"}, {"type":"uri", "value":"http://example.org/default"}]
[{}, {"type":"literal", "datatype":"http://www.w3.org/2001/XMLSchema#NCName", "value":"NCName"}, {"type":"uri", "value":"http://www.w3.org/2001/XMLSchema#NCName"}, {"type":"uri", "value":"http://example.org/default"}]
[{}, {"type":"literal", "datatype":"http://www.w3.org/2001/XMLSchema#gMonth", "value":"--12"}, {"type":"uri", "value":"http://www.w3.org/2001/XMLSchema#gMonth"}, {"type":"uri", "value":"http://example.org/default"}]
[{}, {"type":"literal", "datatype":"http://www.w3.org/2001/XMLSchema#gMonth", "value":"--01"}, {"type":"uri", "value":"http://www.w3.org/2001/XMLSchema#gMonth"}, {"type":"uri", "value":"http://example.org/default"}]
[{}, {"type":"literal", "datatype":"http://www.w3.org/2001/XMLSchema#positiveInteger", "value":"1"}, {"type":"uri", "value":"http://www.w3.org/2001/XMLSchema#positiveInteger"}, {"type":"uri", "value":"http://example.org/default"}]
[{}, {"type":"literal", "datatype":"http://www.w3.org/2001/XMLSchema#positiveInteger", "value":"36893488147419103230"}, {"type":"uri", "value":"http://www.w3.org/2001/XMLSchema#positiveInteger"}, {"type":"uri", "value":"http://example.org/default"}]
[{}, {"type":"literal", "datatype":"http://www.w3.org/2001/XMLSchema#gYearMonth", "value":"0001-00"}, {"type":"uri", "value":"http://www.w3.org/2001/XMLSchema#gYearMonth"}, {"type":"uri", "value":"http://example.org/default"}]
[{}, {"type":"literal", "datatype":"http://www.w3.org/2001/XMLSchema#gYearMonth", "value":"2099-12"}, {"type":"uri", "value":"http://www.w3.org/2001/XMLSchema#gYearMonth"}, {"type":"uri", "value":"http://example.org/default"}]
[{}, {"type":"literal", "datatype":"http://www.w3.org/2001/XMLSchema#gMonthDay", "value":"--01-01"}, {"type":"uri", "value":"http://www.w3.org/2001/XMLSchema#gMonthDay"}, {"type":"uri", "value":"http://example.org/default"}]
[{}, {"type":"literal", "datatype":"http://www.w3.org/2001/XMLSchema#gMonthDay", "value":"--12-31"}, {"type":"uri", "value":"http://www.w3.org/2001/XMLSchema#gMonthDay"}, {"type":"uri", "value":"http://example.org/default"}]
[{}, {"type":"literal", "datatype":"http://www.w3.org/2001/XMLSchema#hexBinary", "value":"0123456789abcdef"}, {"type":"uri", "value":"http://www.w3.org/2001/XMLSchema#hexBinary"}, {"type":"uri", "value":"http://example.org/default"}]
[{}, {"type":"literal", "datatype":"http://www.w3.org/2001/XMLSchema#short", "value":"-32768"}, {"type":"uri", "value":"http://www.w3.org/2001/XMLSchema#short"}, {"type":"uri", "value":"http://example.org/default"}]
[{}, {"type":"literal", "datatype":"http://www.w3.org/2001/XMLSchema#short", "value":"32767"}, {"type":"uri", "value":"http://www.w3.org/2001/XMLSchema#short"}, {"type":"uri", "value":"http://example.org/default"}]
[{}, {"type":"literal", "datatype":"http://www.w3.org/2001/XMLSchema#integer", "value":"1"}, {"type":"uri", "value":"http://www.w3.org/2001/XMLSchema#integer"}, {"type":"uri", "value":"http://example.org/default"}]
[{}, {"type":"literal", "datatype":"http://www.w3.org/2001/XMLSchema#integer", "value":"0"}, {"type":"uri", "value":"http://www.w3.org/2001/XMLSchema#integer"}, {"type":"uri", "value":"http://example.org/default"}]
[{}, {"type":"literal", "datatype":"http://www.w3.org/2001/XMLSchema#integer", "value":"-1"}, {"type":"uri", "value":"http://www.w3.org/2001/XMLSchema#integer"}, {"type":"uri", "value":"http://example.org/default"}]
[{}, {"type":"literal", "datatype":"http://www.w3.org/2001/XMLSchema#unsignedShort", "value":"0"}, {"type":"uri", "value":"http://www.w3.org/2001/XMLSchema#unsignedShort"}, {"type":"uri", "value":"http://example.org/default"}]
[{}, {"type":"literal", "datatype":"http://www.w3.org/2001/XMLSchema#unsignedShort", "value":"65535"}, {"type":"uri", "value":"http://www.w3.org/2001/XMLSchema#unsignedShort"}, {"type":"uri", "value":"http://example.org/default"}]
[{}, {"type":"literal", "datatype":"http://www.w3.org/2001/XMLSchema#gDay", "value":"---01"}, {"type":"uri", "value":"http://www.w3.org/2001/XMLSchema#gDay"}, {"type":"uri", "value":"http://example.org/default"}]
[{}, {"type":"literal", "datatype":"http://www.w3.org/2001/XMLSchema#gDay", "value":"---31"}, {"type":"uri", "value":"http://www.w3.org/2001/XMLSchema#gDay"}, {"type":"uri", "value":"http://example.org/default"}]
[{}, {"type":"literal", "datatype":"http://www.w3.org/2001/XMLSchema#unsignedByte", "value":"0"}, {"type":"uri", "value":"http://www.w3.org/2001/XMLSchema#unsignedByte"}, {"type":"uri", "value":"http://example.org/default"}]
[{}, {"type":"literal", "datatype":"http://www.w3.org/2001/XMLSchema#unsignedByte", "value":"255"}, {"type":"uri", "value":"http://www.w3.org/2001/XMLSchema#unsignedByte"}, {"type":"uri", "value":"http://example.org/default"}]
[{}, {"type":"literal", "datatype":"http://www.w3.org/2001/XMLSchema#boolean", "value":"true"}, {"type":"uri", "value":"http://www.w3.org/2001/XMLSchema#boolean"}, {"type":"uri", "value":"http://example.org/default"}]
[{}, {"type":"literal", "datatype":"http://www.w3.org/2001/XMLSchema#boolean", "value":"false"}, {"type":"uri", "value":"http://www.w3.org/2001/XMLSchema#boolean"}, {"type":"uri", "value":"http://example.org/default"}]
[{}, {"type":"bnode", "value":"object"}, {"type":"uri", "value":"http://example.org/predicate"}, {"type":"bnode", "value":"subject"}]
