g,o,p,s
http://example.org/graph,1,http://example.org/predicate,http://example.org/subject
http://example.org/graph,http://example.org/object,http://example.org/predicate,http://example.org/subject
http://example.org/graph,a string,http://example.org/predicate,http://example.org/subject
http://example.org/graph,_:object,http://example.org/predicate,http://example.org/subject
http://example.org/graph,1,http://example.org/predicate,_:subject
http://example.org/graph,http://example.org/object,http://example.org/predicate,_:subject
http://example.org/graph,a string,http://example.org/predicate,_:subject
http://example.org/graph,_:object,http://example.org/predicate,_:subject
,-P31DT23H59M59S,http://www.w3.org/2001/XMLSchema#dayTimeDuration,http://example.org/default
,P31DT23H59M59S,http://www.w3.org/2001/XMLSchema#dayTimeDuration,http://example.org/default
,0.0,http://www.w3.org/2001/XMLSchema#float,http://example.org/default
,1.0,http://www.w3.org/2001/XMLSchema#float,http://example.org/default
,-1.0,http://www.w3.org/2001/XMLSchema#float,http://example.org/default
,a string,http://www.w3.org/2001/XMLSchema#string,http://example.org/default
,normalizedString,http://www.w3.org/2001/XMLSchema#normalizedString,http://example.org/default
,0,http://www.w3.org/2001/XMLSchema#nonPositiveInteger,http://example.org/default
,-36893488147419103230,http://www.w3.org/2001/XMLSchema#nonPositiveInteger,http://example.org/default
,-9223372036854775808,http://www.w3.org/2001/XMLSchema#long,http://example.org/default
,9223372036854775807,http://www.w3.org/2001/XMLSchema#long,http://example.org/default
,0001-00-00T00:00:00.001,http://www.w3.org/2001/XMLSchema#gYear,http://example.org/default
,2099-12-31T23:23:59.999,http://www.w3.org/2001/XMLSchema#gYear,http://example.org/default
,en,http://www.w3.org/2001/XMLSchema#language,http://example.org/default
,0,http://www.w3.org/2001/XMLSchema#unsignedInt,http://example.org/default
,4294967295,http://www.w3.org/2001/XMLSchema#unsignedInt,http://example.org/default
,P10Y1M,http://www.w3.org/2001/XMLSchema#yearMonthDuration,http://example.org/default
,-P10Y1M,http://www.w3.org/2001/XMLSchema#yearMonthDuration,http://example.org/default
,http://www.w3.org/2001/XMLSchema#,http://www.w3.org/2001/XMLSchema#anyURI,http://example.org/default
,Name,http://www.w3.org/2001/XMLSchema#Name,http://example.org/default
,token,http://www.w3.org/2001/XMLSchema#token,http://example.org/default
,-2147483648,http://www.w3.org/2001/XMLSchema#int,http://example.org/default
,2147483647,http://www.w3.org/2001/XMLSchema#int,http://example.org/default
,0,http://www.w3.org/2001/XMLSchema#unsignedLong,http://example.org/default
,18446744073709551615,http://www.w3.org/2001/XMLSchema#unsignedLong,http://example.org/default
,0.0,http://www.w3.org/2001/XMLSchema#double,http://example.org/default
,1.0,http://www.w3.org/2001/XMLSchema#double,http://example.org/default
,-1.0,http://www.w3.org/2001/XMLSchema#double,http://example.org/default
,1.1,http://www.w3.org/2001/XMLSchema#decimal,http://example.org/default
,-1.1,http://www.w3.org/2001/XMLSchema#decimal,http://example.org/default
,-128,http://www.w3.org/2001/XMLSchema#byte,http://example.org/default
,127,http://www.w3.org/2001/XMLSchema#byte,http://example.org/default
,2014-01-01,http://www.w3.org/2001/XMLSchema#date,http://example.org/default
,-2014-01-01,http://www.w3.org/2001/XMLSchema#date,http://example.org/default
,0F+40A==,http://www.w3.org/2001/XMLSchema#base64Binary,http://example.org/default
,NMTOKEN,http://www.w3.org/2001/XMLSchema#NMTOKEN,http://example.org/default
,-1,http://www.w3.org/2001/XMLSchema#negativeInteger,http://example.org/default
,-36893488147419103230,http://www.w3.org/2001/XMLSchema#negativeInteger,http://example.org/default
,0,http://www.w3.org/2001/XMLSchema#nonNegativeInteger,http://example.org/default
,36893488147419103230,http://www.w3.org/2001/XMLSchema#nonNegativeInteger,http://example.org/default
,00:00:00.001,http://www.w3.org/2001/XMLSchema#time,http://example.org/default
,23:23:59.999,http://www.w3.org/2001/XMLSchema#time,http://example.org/default
,0001-00-00T00:00:00.001,http://www.w3.org/2001/XMLSchema#dateTime,http://example.org/default
,2099-12-31T23:23:59.999,http://www.w3.org/2001/XMLSchema#dateTime,http://example.org/default
,NCName,http://www.w3.org/2001/XMLSchema#NCName,http://example.org/default
,--12,http://www.w3.org/2001/XMLSchema#gMonth,http://example.org/default
,--01,http://www.w3.org/2001/XMLSchema#gMonth,http://example.org/default
,1,http://www.w3.org/2001/XMLSchema#positiveInteger,http://example.org/default
,36893488147419103230,http://www.w3.org/2001/XMLSchema#positiveInteger,http://example.org/default
,0001-00,http://www.w3.org/2001/XMLSchema#gYearMonth,http://example.org/default
,2099-12,http://www.w3.org/2001/XMLSchema#gYearMonth,http://example.org/default
,--01-01,http://www.w3.org/2001/XMLSchema#gMonthDay,http://example.org/default
,--12-31,http://www.w3.org/2001/XMLSchema#gMonthDay,http://example.org/default
,0123456789abcdef,http://www.w3.org/2001/XMLSchema#hexBinary,http://example.org/default
,-32768,http://www.w3.org/2001/XMLSchema#short,http://example.org/default
,32767,http://www.w3.org/2001/XMLSchema#short,http://example.org/default
,1,http://www.w3.org/2001/XMLSchema#integer,http://example.org/default
,0,http://www.w3.org/2001/XMLSchema#integer,http://example.org/default
,-1,http://www.w3.org/2001/XMLSchema#integer,http://example.org/default
,0,http://www.w3.org/2001/XMLSchema#unsignedShort,http://example.org/default
,65535,http://www.w3.org/2001/XMLSchema#unsignedShort,http://example.org/default
,---01,http://www.w3.org/2001/XMLSchema#gDay,http://example.org/default
,---31,http://www.w3.org/2001/XMLSchema#gDay,http://example.org/default
,0,http://www.w3.org/2001/XMLSchema#unsignedByte,http://example.org/default
,255,http://www.w3.org/2001/XMLSchema#unsignedByte,http://example.org/default
,true,http://www.w3.org/2001/XMLSchema#boolean,http://example.org/default
,false,http://www.w3.org/2001/XMLSchema#boolean,http://example.org/default
,_:object,http://example.org/predicate,_:subject
